Archive member included to satisfy reference by file (symbol)

/opt/st/stm32cubeide_1.6.0/plugins/com.st.stm32cube.ide.mcu.externaltools.gnu-tools-for-stm32.9-2020-q2-update.linux64_1.5.0.202011040924/tools/bin/../lib/gcc/arm-none-eabi/9.3.1/../../../../arm-none-eabi/lib/thumb/v6-m/nofp/libc_nano.a(lib_a-errno.o)
                              Core/Src/syscalls.o (__errno)
/opt/st/stm32cubeide_1.6.0/plugins/com.st.stm32cube.ide.mcu.externaltools.gnu-tools-for-stm32.9-2020-q2-update.linux64_1.5.0.202011040924/tools/bin/../lib/gcc/arm-none-eabi/9.3.1/../../../../arm-none-eabi/lib/thumb/v6-m/nofp/libc_nano.a(lib_a-exit.o)
                              /opt/st/stm32cubeide_1.6.0/plugins/com.st.stm32cube.ide.mcu.externaltools.gnu-tools-for-stm32.9-2020-q2-update.linux64_1.5.0.202011040924/tools/bin/../lib/gcc/arm-none-eabi/9.3.1/../../../../arm-none-eabi/lib/thumb/v6-m/nofp/crt0.o (exit)
/opt/st/stm32cubeide_1.6.0/plugins/com.st.stm32cube.ide.mcu.externaltools.gnu-tools-for-stm32.9-2020-q2-update.linux64_1.5.0.202011040924/tools/bin/../lib/gcc/arm-none-eabi/9.3.1/../../../../arm-none-eabi/lib/thumb/v6-m/nofp/libc_nano.a(lib_a-impure.o)
                              /opt/st/stm32cubeide_1.6.0/plugins/com.st.stm32cube.ide.mcu.externaltools.gnu-tools-for-stm32.9-2020-q2-update.linux64_1.5.0.202011040924/tools/bin/../lib/gcc/arm-none-eabi/9.3.1/../../../../arm-none-eabi/lib/thumb/v6-m/nofp/libc_nano.a(lib_a-exit.o) (_global_impure_ptr)
/opt/st/stm32cubeide_1.6.0/plugins/com.st.stm32cube.ide.mcu.externaltools.gnu-tools-for-stm32.9-2020-q2-update.linux64_1.5.0.202011040924/tools/bin/../lib/gcc/arm-none-eabi/9.3.1/../../../../arm-none-eabi/lib/thumb/v6-m/nofp/libc_nano.a(lib_a-init.o)
                              /opt/st/stm32cubeide_1.6.0/plugins/com.st.stm32cube.ide.mcu.externaltools.gnu-tools-for-stm32.9-2020-q2-update.linux64_1.5.0.202011040924/tools/bin/../lib/gcc/arm-none-eabi/9.3.1/../../../../arm-none-eabi/lib/thumb/v6-m/nofp/crt0.o (__libc_init_array)
/opt/st/stm32cubeide_1.6.0/plugins/com.st.stm32cube.ide.mcu.externaltools.gnu-tools-for-stm32.9-2020-q2-update.linux64_1.5.0.202011040924/tools/bin/../lib/gcc/arm-none-eabi/9.3.1/../../../../arm-none-eabi/lib/thumb/v6-m/nofp/libc_nano.a(lib_a-memcpy-stub.o)
                              FreeRTOS/queue.o (memcpy)
/opt/st/stm32cubeide_1.6.0/plugins/com.st.stm32cube.ide.mcu.externaltools.gnu-tools-for-stm32.9-2020-q2-update.linux64_1.5.0.202011040924/tools/bin/../lib/gcc/arm-none-eabi/9.3.1/../../../../arm-none-eabi/lib/thumb/v6-m/nofp/libc_nano.a(lib_a-memset.o)
                              /opt/st/stm32cubeide_1.6.0/plugins/com.st.stm32cube.ide.mcu.externaltools.gnu-tools-for-stm32.9-2020-q2-update.linux64_1.5.0.202011040924/tools/bin/../lib/gcc/arm-none-eabi/9.3.1/../../../../arm-none-eabi/lib/thumb/v6-m/nofp/crt0.o (memset)
/opt/st/stm32cubeide_1.6.0/plugins/com.st.stm32cube.ide.mcu.externaltools.gnu-tools-for-stm32.9-2020-q2-update.linux64_1.5.0.202011040924/tools/bin/../lib/gcc/arm-none-eabi/9.3.1/thumb/v6-m/nofp/libgcc.a(_udivsi3.o)
                              Core/Src/stm32f0xx_hal_timebase_tim.o (__aeabi_uidiv)
/opt/st/stm32cubeide_1.6.0/plugins/com.st.stm32cube.ide.mcu.externaltools.gnu-tools-for-stm32.9-2020-q2-update.linux64_1.5.0.202011040924/tools/bin/../lib/gcc/arm-none-eabi/9.3.1/thumb/v6-m/nofp/libgcc.a(_dvmd_tls.o)
                              /opt/st/stm32cubeide_1.6.0/plugins/com.st.stm32cube.ide.mcu.externaltools.gnu-tools-for-stm32.9-2020-q2-update.linux64_1.5.0.202011040924/tools/bin/../lib/gcc/arm-none-eabi/9.3.1/thumb/v6-m/nofp/libgcc.a(_udivsi3.o) (__aeabi_idiv0)

Allocating common symbols
Common symbol       size              file

uwTick              0x4               Drivers/STM32F0xx_HAL_Driver/Src/stm32f0xx_hal.o
xQueueRegistry      0x40              FreeRTOS/queue.o
pFlash              0x20              Drivers/STM32F0xx_HAL_Driver/Src/stm32f0xx_hal_flash.o
htim14              0x48              Core/Src/stm32f0xx_hal_timebase_tim.o

Discarded input sections

 .text          0x0000000000000000        0x0 /opt/st/stm32cubeide_1.6.0/plugins/com.st.stm32cube.ide.mcu.externaltools.gnu-tools-for-stm32.9-2020-q2-update.linux64_1.5.0.202011040924/tools/bin/../lib/gcc/arm-none-eabi/9.3.1/thumb/v6-m/nofp/crti.o
 .data          0x0000000000000000        0x0 /opt/st/stm32cubeide_1.6.0/plugins/com.st.stm32cube.ide.mcu.externaltools.gnu-tools-for-stm32.9-2020-q2-update.linux64_1.5.0.202011040924/tools/bin/../lib/gcc/arm-none-eabi/9.3.1/thumb/v6-m/nofp/crti.o
 .bss           0x0000000000000000        0x0 /opt/st/stm32cubeide_1.6.0/plugins/com.st.stm32cube.ide.mcu.externaltools.gnu-tools-for-stm32.9-2020-q2-update.linux64_1.5.0.202011040924/tools/bin/../lib/gcc/arm-none-eabi/9.3.1/thumb/v6-m/nofp/crti.o
[...]
Memory Configuration

Name             Origin             Length             Attributes
RAM              0x0000000020000000 0x0000000000001000 xrw
FLASH            0x0000000008000000 0x0000000000004000 xr
*default*        0x0000000000000000 0xffffffffffffffff

Linker script and memory map

LOAD /opt/st/stm32cubeide_1.6.0/plugins/com.st.stm32cube.ide.mcu.externaltools.gnu-tools-for-stm32.9-2020-q2-update.linux64_1.5.0.202011040924/tools/bin/../lib/gcc/arm-none-eabi/9.3.1/thumb/v6-m/nofp/crti.o
LOAD /opt/st/stm32cubeide_1.6.0/plugins/com.st.stm32cube.ide.mcu.externaltools.gnu-tools-for-stm32.9-2020-q2-update.linux64_1.5.0.202011040924/tools/bin/../lib/gcc/arm-none-eabi/9.3.1/thumb/v6-m/nofp/crtbegin.o
LOAD /opt/st/stm32cubeide_1.6.0/plugins/com.st.stm32cube.ide.mcu.externaltools.gnu-tools-for-stm32.9-2020-q2-update.linux64_1.5.0.202011040924/tools/bin/../lib/gcc/arm-none-eabi/9.3.1/../../../../arm-none-eabi/lib/thumb/v6-m/nofp/crt0.o
LOAD Core/Src/main.o
LOAD Core/Src/stm32f0xx_hal_msp.o
LOAD Core/Src/stm32f0xx_hal_timebase_tim.o
LOAD Core/Src/stm32f0xx_it.o
LOAD Core/Src/syscalls.o
LOAD Core/Src/system_stm32f0xx.o
LOAD Core/Startup/startup_stm32f030f4px.o
LOAD Drivers/STM32F0xx_HAL_Driver/Src/stm32f0xx_hal.o
LOAD Drivers/STM32F0xx_HAL_Driver/Src/stm32f0xx_hal_cortex.o
LOAD Drivers/STM32F0xx_HAL_Driver/Src/stm32f0xx_hal_dma.o
LOAD Drivers/STM32F0xx_HAL_Driver/Src/stm32f0xx_hal_exti.o
LOAD Drivers/STM32F0xx_HAL_Driver/Src/stm32f0xx_hal_flash.o
LOAD Drivers/STM32F0xx_HAL_Driver/Src/stm32f0xx_hal_flash_ex.o
LOAD Drivers/STM32F0xx_HAL_Driver/Src/stm32f0xx_hal_gpio.o
LOAD Drivers/STM32F0xx_HAL_Driver/Src/stm32f0xx_hal_i2c.o
LOAD Drivers/STM32F0xx_HAL_Driver/Src/stm32f0xx_hal_i2c_ex.o
LOAD Drivers/STM32F0xx_HAL_Driver/Src/stm32f0xx_hal_pwr.o
LOAD Drivers/STM32F0xx_HAL_Driver/Src/stm32f0xx_hal_pwr_ex.o
LOAD Drivers/STM32F0xx_HAL_Driver/Src/stm32f0xx_hal_rcc.o
LOAD Drivers/STM32F0xx_HAL_Driver/Src/stm32f0xx_hal_rcc_ex.o
LOAD Drivers/STM32F0xx_HAL_Driver/Src/stm32f0xx_hal_tim.o
LOAD Drivers/STM32F0xx_HAL_Driver/Src/stm32f0xx_hal_tim_ex.o
LOAD FreeRTOS/croutine.o
LOAD FreeRTOS/event_groups.o
LOAD FreeRTOS/list.o
LOAD FreeRTOS/queue.o
LOAD FreeRTOS/stream_buffer.o
LOAD FreeRTOS/tasks.o
LOAD FreeRTOS/timers.o
LOAD FreeRTOS/portable/GCC/ARM_CM0/port.o
LOAD FreeRTOS/portable/MemMang/heap_4.o
START GROUP
LOAD /opt/st/stm32cubeide_1.6.0/plugins/com.st.stm32cube.ide.mcu.externaltools.gnu-tools-for-stm32.9-2020-q2-update.linux64_1.5.0.202011040924/tools/bin/../lib/gcc/arm-none-eabi/9.3.1/../../../../arm-none-eabi/lib/thumb/v6-m/nofp/libc_nano.a
LOAD /opt/st/stm32cubeide_1.6.0/plugins/com.st.stm32cube.ide.mcu.externaltools.gnu-tools-for-stm32.9-2020-q2-update.linux64_1.5.0.202011040924/tools/bin/../lib/gcc/arm-none-eabi/9.3.1/../../../../arm-none-eabi/lib/thumb/v6-m/nofp/libm.a
END GROUP
START GROUP
LOAD /opt/st/stm32cubeide_1.6.0/plugins/com.st.stm32cube.ide.mcu.externaltools.gnu-tools-for-stm32.9-2020-q2-update.linux64_1.5.0.202011040924/tools/bin/../lib/gcc/arm-none-eabi/9.3.1/thumb/v6-m/nofp/libgcc.a
LOAD /opt/st/stm32cubeide_1.6.0/plugins/com.st.stm32cube.ide.mcu.externaltools.gnu-tools-for-stm32.9-2020-q2-update.linux64_1.5.0.202011040924/tools/bin/../lib/gcc/arm-none-eabi/9.3.1/../../../../arm-none-eabi/lib/thumb/v6-m/nofp/libc_nano.a
END GROUP
START GROUP
LOAD /opt/st/stm32cubeide_1.6.0/plugins/com.st.stm32cube.ide.mcu.externaltools.gnu-tools-for-stm32.9-2020-q2-update.linux64_1.5.0.202011040924/tools/bin/../lib/gcc/arm-none-eabi/9.3.1/thumb/v6-m/nofp/libgcc.a
LOAD /opt/st/stm32cubeide_1.6.0/plugins/com.st.stm32cube.ide.mcu.externaltools.gnu-tools-for-stm32.9-2020-q2-update.linux64_1.5.0.202011040924/tools/bin/../lib/gcc/arm-none-eabi/9.3.1/../../../../arm-none-eabi/lib/thumb/v6-m/nofp/libc_nano.a
LOAD /opt/st/stm32cubeide_1.6.0/plugins/com.st.stm32cube.ide.mcu.externaltools.gnu-tools-for-stm32.9-2020-q2-update.linux64_1.5.0.202011040924/tools/bin/../lib/gcc/arm-none-eabi/9.3.1/../../../../arm-none-eabi/lib/thumb/v6-m/nofp/libnosys.a
END GROUP
START GROUP
LOAD /opt/st/stm32cubeide_1.6.0/plugins/com.st.stm32cube.ide.mcu.externaltools.gnu-tools-for-stm32.9-2020-q2-update.linux64_1.5.0.202011040924/tools/bin/../lib/gcc/arm-none-eabi/9.3.1/thumb/v6-m/nofp/libgcc.a
LOAD /opt/st/stm32cubeide_1.6.0/plugins/com.st.stm32cube.ide.mcu.externaltools.gnu-tools-for-stm32.9-2020-q2-update.linux64_1.5.0.202011040924/tools/bin/../lib/gcc/arm-none-eabi/9.3.1/../../../../arm-none-eabi/lib/thumb/v6-m/nofp/libc_nano.a
LOAD /opt/st/stm32cubeide_1.6.0/plugins/com.st.stm32cube.ide.mcu.externaltools.gnu-tools-for-stm32.9-2020-q2-update.linux64_1.5.0.202011040924/tools/bin/../lib/gcc/arm-none-eabi/9.3.1/../../../../arm-none-eabi/lib/thumb/v6-m/nofp/libnosys.a
END GROUP
LOAD /opt/st/stm32cubeide_1.6.0/plugins/com.st.stm32cube.ide.mcu.externaltools.gnu-tools-for-stm32.9-2020-q2-update.linux64_1.5.0.202011040924/tools/bin/../lib/gcc/arm-none-eabi/9.3.1/thumb/v6-m/nofp/crtend.o
LOAD /opt/st/stm32cubeide_1.6.0/plugins/com.st.stm32cube.ide.mcu.externaltools.gnu-tools-for-stm32.9-2020-q2-update.linux64_1.5.0.202011040924/tools/bin/../lib/gcc/arm-none-eabi/9.3.1/thumb/v6-m/nofp/crtn.o
                0x0000000020001000                _estack = (ORIGIN (RAM) + LENGTH (RAM))
                0x0000000000000200                _Min_Heap_Size = 0x200
                0x0000000000000400                _Min_Stack_Size = 0x400

.isr_vector     0x0000000008000000       0xc0
                0x0000000008000000                . = ALIGN (0x4)
 *(.isr_vector)
 .isr_vector    0x0000000008000000       0xc0 Core/Startup/startup_stm32f030f4px.o
                0x0000000008000000                g_pfnVectors
                0x00000000080000c0                . = ALIGN (0x4)

.text           0x00000000080000c0     0x170c
                0x00000000080000c0                . = ALIGN (0x4)
 *(.text)
 .text          0x00000000080000c0       0x48 /opt/st/stm32cubeide_1.6.0/plugins/com.st.stm32cube.ide.mcu.externaltools.gnu-tools-for-stm32.9-2020-q2-update.linux64_1.5.0.202011040924/tools/bin/../lib/gcc/arm-none-eabi/9.3.1/thumb/v6-m/nofp/crtbegin.o
 .text          0x0000000008000108      0x114 /opt/st/stm32cubeide_1.6.0/plugins/com.st.stm32cube.ide.mcu.externaltools.gnu-tools-for-stm32.9-2020-q2-update.linux64_1.5.0.202011040924/tools/bin/../lib/gcc/arm-none-eabi/9.3.1/thumb/v6-m/nofp/libgcc.a(_udivsi3.o)
                0x0000000008000108                __udivsi3
                0x0000000008000108                __aeabi_uidiv
                0x0000000008000214                __aeabi_uidivmod
 .text          0x000000000800021c        0x4 /opt/st/stm32cubeide_1.6.0/plugins/com.st.stm32cube.ide.mcu.externaltools.gnu-tools-for-stm32.9-2020-q2-update.linux64_1.5.0.202011040924/tools/bin/../lib/gcc/arm-none-eabi/9.3.1/thumb/v6-m/nofp/libgcc.a(_dvmd_tls.o)
                0x000000000800021c                __aeabi_ldiv0
                0x000000000800021c                __aeabi_idiv0
 *(.text*)
 .text.main     0x0000000008000220        0xe Core/Src/main.o
                0x0000000008000220                main
 .text.SystemClock_Config
                0x000000000800022e       0x80 Core/Src/main.o
                0x000000000800022e                SystemClock_Config
 *fill*         0x00000000080002ae        0x2 
 .text.HAL_TIM_PeriodElapsedCallback
                0x00000000080002b0       0x24 Core/Src/main.o
                0x00000000080002b0                HAL_TIM_PeriodElapsedCallback
 .text.Error_Handler
                0x00000000080002d4        0xa Core/Src/main.o
                0x00000000080002d4                Error_Handler
 *fill*         0x00000000080002de        0x2 
 .text.HAL_MspInit
                0x00000000080002e0       0x48 Core/Src/stm32f0xx_hal_msp.o
                0x00000000080002e0                HAL_MspInit
 .text.HAL_InitTick
                0x0000000008000328       0xbc Core/Src/stm32f0xx_hal_timebase_tim.o
                0x0000000008000328                HAL_InitTick
 .text.NMI_Handler
                0x00000000080003e4        0x6 Core/Src/stm32f0xx_it.o
                0x00000000080003e4                NMI_Handler
 .text.HardFault_Handler
                0x00000000080003ea        0x6 Core/Src/stm32f0xx_it.o
                0x00000000080003ea                HardFault_Handler
 .text.TIM14_IRQHandler
                0x00000000080003f0       0x18 Core/Src/stm32f0xx_it.o
                0x00000000080003f0                TIM14_IRQHandler
 .text.SystemInit
                0x0000000008000408        0xa Core/Src/system_stm32f0xx.o
                0x0000000008000408                SystemInit
 *fill*         0x0000000008000412        0x2 
 .text.Reset_Handler
                0x0000000008000414       0x50 Core/Startup/startup_stm32f030f4px.o
                0x0000000008000414                Reset_Handler
 .text.Default_Handler
                0x0000000008000464        0x2 Core/Startup/startup_stm32f030f4px.o
                0x0000000008000464                TIM1_CC_IRQHandler
                0x0000000008000464                I2C1_IRQHandler
                0x0000000008000464                SPI1_IRQHandler
                0x0000000008000464                EXTI2_3_IRQHandler
                0x0000000008000464                ADC1_IRQHandler
                0x0000000008000464                TIM17_IRQHandler
                0x0000000008000464                RTC_IRQHandler
                0x0000000008000464                TIM16_IRQHandler
                0x0000000008000464                TIM3_IRQHandler
                0x0000000008000464                EXTI4_15_IRQHandler
                0x0000000008000464                RCC_IRQHandler
                0x0000000008000464                DMA1_Channel1_IRQHandler
                0x0000000008000464                Default_Handler
                0x0000000008000464                DMA1_Channel4_5_IRQHandler
                0x0000000008000464                EXTI0_1_IRQHandler
                0x0000000008000464                WWDG_IRQHandler
                0x0000000008000464                DMA1_Channel2_3_IRQHandler
                0x0000000008000464                FLASH_IRQHandler
                0x0000000008000464                USART1_IRQHandler
                0x0000000008000464                TIM1_BRK_UP_TRG_COM_IRQHandler
 *fill*         0x0000000008000466        0x2 
 .text.HAL_Init
                0x0000000008000468       0x28 Drivers/STM32F0xx_HAL_Driver/Src/stm32f0xx_hal.o
                0x0000000008000468                HAL_Init
 .text.HAL_IncTick
                0x0000000008000490       0x24 Drivers/STM32F0xx_HAL_Driver/Src/stm32f0xx_hal.o
                0x0000000008000490                HAL_IncTick
 .text.HAL_GetTick
                0x00000000080004b4       0x14 Drivers/STM32F0xx_HAL_Driver/Src/stm32f0xx_hal.o
                0x00000000080004b4                HAL_GetTick
 .text.__NVIC_EnableIRQ
                0x00000000080004c8       0x34 Drivers/STM32F0xx_HAL_Driver/Src/stm32f0xx_hal_cortex.o
 .text.__NVIC_SetPriority
                0x00000000080004fc       0xdc Drivers/STM32F0xx_HAL_Driver/Src/stm32f0xx_hal_cortex.o
 .text.HAL_NVIC_SetPriority
                0x00000000080005d8       0x2a Drivers/STM32F0xx_HAL_Driver/Src/stm32f0xx_hal_cortex.o
                0x00000000080005d8                HAL_NVIC_SetPriority
 .text.HAL_NVIC_EnableIRQ
                0x0000000008000602       0x20 Drivers/STM32F0xx_HAL_Driver/Src/stm32f0xx_hal_cortex.o
                0x0000000008000602                HAL_NVIC_EnableIRQ
 *fill*         0x0000000008000622        0x2 
 .text.HAL_RCC_OscConfig
                0x0000000008000624      0x634 Drivers/STM32F0xx_HAL_Driver/Src/stm32f0xx_hal_rcc.o
                0x0000000008000624                HAL_RCC_OscConfig
 .text.HAL_RCC_ClockConfig
                0x0000000008000c58      0x19c Drivers/STM32F0xx_HAL_Driver/Src/stm32f0xx_hal_rcc.o
                0x0000000008000c58                HAL_RCC_ClockConfig
 .text.HAL_RCC_GetSysClockFreq
                0x0000000008000df4       0xc8 Drivers/STM32F0xx_HAL_Driver/Src/stm32f0xx_hal_rcc.o
                0x0000000008000df4                HAL_RCC_GetSysClockFreq
 .text.HAL_RCC_GetHCLKFreq
                0x0000000008000ebc       0x14 Drivers/STM32F0xx_HAL_Driver/Src/stm32f0xx_hal_rcc.o
                0x0000000008000ebc                HAL_RCC_GetHCLKFreq
 .text.HAL_RCC_GetPCLK1Freq
                0x0000000008000ed0       0x2c Drivers/STM32F0xx_HAL_Driver/Src/stm32f0xx_hal_rcc.o
                0x0000000008000ed0                HAL_RCC_GetPCLK1Freq
 .text.HAL_RCC_GetClockConfig
                0x0000000008000efc       0x54 Drivers/STM32F0xx_HAL_Driver/Src/stm32f0xx_hal_rcc.o
                0x0000000008000efc                HAL_RCC_GetClockConfig
 .text.HAL_TIM_Base_Init
                0x0000000008000f50       0xa0 Drivers/STM32F0xx_HAL_Driver/Src/stm32f0xx_hal_tim.o
                0x0000000008000f50                HAL_TIM_Base_Init
 .text.HAL_TIM_Base_MspInit
                0x0000000008000ff0       0x10 Drivers/STM32F0xx_HAL_Driver/Src/stm32f0xx_hal_tim.o
                0x0000000008000ff0                HAL_TIM_Base_MspInit
 .text.HAL_TIM_Base_Start_IT
                0x0000000008001000       0x8c Drivers/STM32F0xx_HAL_Driver/Src/stm32f0xx_hal_tim.o
                0x0000000008001000                HAL_TIM_Base_Start_IT
 .text.HAL_TIM_IRQHandler
                0x000000000800108c      0x22c Drivers/STM32F0xx_HAL_Driver/Src/stm32f0xx_hal_tim.o
                0x000000000800108c                HAL_TIM_IRQHandler
 .text.HAL_TIM_OC_DelayElapsedCallback
                0x00000000080012b8       0x10 Drivers/STM32F0xx_HAL_Driver/Src/stm32f0xx_hal_tim.o
                0x00000000080012b8                HAL_TIM_OC_DelayElapsedCallback
 .text.HAL_TIM_IC_CaptureCallback
                0x00000000080012c8       0x10 Drivers/STM32F0xx_HAL_Driver/Src/stm32f0xx_hal_tim.o
                0x00000000080012c8                HAL_TIM_IC_CaptureCallback
 .text.HAL_TIM_PWM_PulseFinishedCallback
                0x00000000080012d8       0x10 Drivers/STM32F0xx_HAL_Driver/Src/stm32f0xx_hal_tim.o
                0x00000000080012d8                HAL_TIM_PWM_PulseFinishedCallback
 .text.HAL_TIM_TriggerCallback
                0x00000000080012e8       0x10 Drivers/STM32F0xx_HAL_Driver/Src/stm32f0xx_hal_tim.o
                0x00000000080012e8                HAL_TIM_TriggerCallback
 .text.TIM_Base_SetConfig
                0x00000000080012f8       0xd8 Drivers/STM32F0xx_HAL_Driver/Src/stm32f0xx_hal_tim.o
                0x00000000080012f8                TIM_Base_SetConfig
 .text.HAL_TIMEx_CommutCallback
                0x00000000080013d0       0x10 Drivers/STM32F0xx_HAL_Driver/Src/stm32f0xx_hal_tim_ex.o
                0x00000000080013d0                HAL_TIMEx_CommutCallback
 .text.HAL_TIMEx_BreakCallback
                0x00000000080013e0       0x10 Drivers/STM32F0xx_HAL_Driver/Src/stm32f0xx_hal_tim_ex.o
                0x00000000080013e0                HAL_TIMEx_BreakCallback
 .text.vListInsertEnd
                0x00000000080013f0       0x44 FreeRTOS/list.o
                0x00000000080013f0                vListInsertEnd
 .text.uxListRemove
                0x0000000008001434       0x50 FreeRTOS/list.o
                0x0000000008001434                uxListRemove
 .text.xTaskIncrementTick
                0x0000000008001484      0x160 FreeRTOS/tasks.o
                0x0000000008001484                xTaskIncrementTick
 .text.vTaskSwitchContext
                0x00000000080015e4       0xa4 FreeRTOS/tasks.o
                0x00000000080015e4                vTaskSwitchContext
 .text.prvResetNextTaskUnblockTime
                0x0000000008001688       0x34 FreeRTOS/tasks.o
 .text.SVC_Handler
                0x00000000080016bc        0xa FreeRTOS/portable/GCC/ARM_CM0/port.o
                0x00000000080016bc                SVC_Handler
 .text.ulSetInterruptMaskFromISR
                0x00000000080016c6        0xc FreeRTOS/portable/GCC/ARM_CM0/port.o
                0x00000000080016c6                ulSetInterruptMaskFromISR
 .text.vClearInterruptMaskFromISR
                0x00000000080016d2        0x8 FreeRTOS/portable/GCC/ARM_CM0/port.o
                0x00000000080016d2                vClearInterruptMaskFromISR
 *fill*         0x00000000080016da        0x6 
 .text.PendSV_Handler
                0x00000000080016e0       0x48 FreeRTOS/portable/GCC/ARM_CM0/port.o
                0x00000000080016e0                PendSV_Handler
 .text.SysTick_Handler
                0x0000000008001728       0x34 FreeRTOS/portable/GCC/ARM_CM0/port.o
                0x0000000008001728                SysTick_Handler
 .text.__libc_init_array
                0x000000000800175c       0x48 /opt/st/stm32cubeide_1.6.0/plugins/com.st.stm32cube.ide.mcu.externaltools.gnu-tools-for-stm32.9-2020-q2-update.linux64_1.5.0.202011040924/tools/bin/../lib/gcc/arm-none-eabi/9.3.1/../../../../arm-none-eabi/lib/thumb/v6-m/nofp/libc_nano.a(lib_a-init.o)
                0x000000000800175c                __libc_init_array
 .text.memset   0x00000000080017a4       0x10 /opt/st/stm32cubeide_1.6.0/plugins/com.st.stm32cube.ide.mcu.externaltools.gnu-tools-for-stm32.9-2020-q2-update.linux64_1.5.0.202011040924/tools/bin/../lib/gcc/arm-none-eabi/9.3.1/../../../../arm-none-eabi/lib/thumb/v6-m/nofp/libc_nano.a(lib_a-memset.o)
                0x00000000080017a4                memset
 *(.glue_7)
 .glue_7        0x00000000080017b4        0x0 linker stubs
 *(.glue_7t)
 .glue_7t       0x00000000080017b4        0x0 linker stubs
 *(.eh_frame)
 .eh_frame      0x00000000080017b4        0x0 /opt/st/stm32cubeide_1.6.0/plugins/com.st.stm32cube.ide.mcu.externaltools.gnu-tools-for-stm32.9-2020-q2-update.linux64_1.5.0.202011040924/tools/bin/../lib/gcc/arm-none-eabi/9.3.1/thumb/v6-m/nofp/crtbegin.o
 *(.init)
 .init          0x00000000080017b4        0x4 /opt/st/stm32cubeide_1.6.0/plugins/com.st.stm32cube.ide.mcu.externaltools.gnu-tools-for-stm32.9-2020-q2-update.linux64_1.5.0.202011040924/tools/bin/../lib/gcc/arm-none-eabi/9.3.1/thumb/v6-m/nofp/crti.o
                0x00000000080017b4                _init
 .init          0x00000000080017b8        0x8 /opt/st/stm32cubeide_1.6.0/plugins/com.st.stm32cube.ide.mcu.externaltools.gnu-tools-for-stm32.9-2020-q2-update.linux64_1.5.0.202011040924/tools/bin/../lib/gcc/arm-none-eabi/9.3.1/thumb/v6-m/nofp/crtn.o
 *(.fini)
 .fini          0x00000000080017c0        0x4 /opt/st/stm32cubeide_1.6.0/plugins/com.st.stm32cube.ide.mcu.externaltools.gnu-tools-for-stm32.9-2020-q2-update.linux64_1.5.0.202011040924/tools/bin/../lib/gcc/arm-none-eabi/9.3.1/thumb/v6-m/nofp/crti.o
                0x00000000080017c0                _fini
 .fini          0x00000000080017c4        0x8 /opt/st/stm32cubeide_1.6.0/plugins/com.st.stm32cube.ide.mcu.externaltools.gnu-tools-for-stm32.9-2020-q2-update.linux64_1.5.0.202011040924/tools/bin/../lib/gcc/arm-none-eabi/9.3.1/thumb/v6-m/nofp/crtn.o
                0x00000000080017cc                . = ALIGN (0x4)
                0x00000000080017cc                _etext = .

.vfp11_veneer   0x00000000080017cc        0x0
 .vfp11_veneer  0x00000000080017cc        0x0 linker stubs

.v4_bx          0x00000000080017cc        0x0
 .v4_bx         0x00000000080017cc        0x0 linker stubs

.iplt           0x00000000080017cc        0x0
 .iplt          0x00000000080017cc        0x0 /opt/st/stm32cubeide_1.6.0/plugins/com.st.stm32cube.ide.mcu.externaltools.gnu-tools-for-stm32.9-2020-q2-update.linux64_1.5.0.202011040924/tools/bin/../lib/gcc/arm-none-eabi/9.3.1/thumb/v6-m/nofp/crtbegin.o

.rodata         0x00000000080017cc       0x38
                0x00000000080017cc                . = ALIGN (0x4)
 *(.rodata)
 .rodata        0x00000000080017cc       0x20 Drivers/STM32F0xx_HAL_Driver/Src/stm32f0xx_hal_rcc.o
 *(.rodata*)
 .rodata.AHBPrescTable
                0x00000000080017ec       0x10 Core/Src/system_stm32f0xx.o
                0x00000000080017ec                AHBPrescTable
 .rodata.APBPrescTable
                0x00000000080017fc        0x8 Core/Src/system_stm32f0xx.o
                0x00000000080017fc                APBPrescTable
                0x0000000008001804                . = ALIGN (0x4)

.rel.dyn        0x0000000008001804        0x0
 .rel.iplt      0x0000000008001804        0x0 /opt/st/stm32cubeide_1.6.0/plugins/com.st.stm32cube.ide.mcu.externaltools.gnu-tools-for-stm32.9-2020-q2-update.linux64_1.5.0.202011040924/tools/bin/../lib/gcc/arm-none-eabi/9.3.1/thumb/v6-m/nofp/crtbegin.o

.ARM.extab      0x0000000008001804        0x0
                0x0000000008001804                . = ALIGN (0x4)
 *(.ARM.extab* .gnu.linkonce.armextab.*)
                0x0000000008001804                . = ALIGN (0x4)

.ARM            0x0000000008001804        0x0
                0x0000000008001804                . = ALIGN (0x4)
                0x0000000008001804                __exidx_start = .
 *(.ARM.exidx*)
                0x0000000008001804                __exidx_end = .
                0x0000000008001804                . = ALIGN (0x4)

.preinit_array  0x0000000008001804        0x0
                0x0000000008001804                . = ALIGN (0x4)
                0x0000000008001804                PROVIDE (__preinit_array_start = .)
 *(.preinit_array*)
                0x0000000008001804                PROVIDE (__preinit_array_end = .)
                0x0000000008001804                . = ALIGN (0x4)

.init_array     0x0000000008001804        0x4
                0x0000000008001804                . = ALIGN (0x4)
                0x0000000008001804                PROVIDE (__init_array_start = .)
 *(SORT_BY_NAME(.init_array.*))
 *(.init_array*)
 .init_array    0x0000000008001804        0x4 /opt/st/stm32cubeide_1.6.0/plugins/com.st.stm32cube.ide.mcu.externaltools.gnu-tools-for-stm32.9-2020-q2-update.linux64_1.5.0.202011040924/tools/bin/../lib/gcc/arm-none-eabi/9.3.1/thumb/v6-m/nofp/crtbegin.o
                0x0000000008001808                PROVIDE (__init_array_end = .)
                0x0000000008001808                . = ALIGN (0x4)

.fini_array     0x0000000008001808        0x4
                0x0000000008001808                . = ALIGN (0x4)
                [!provide]                        PROVIDE (__fini_array_start = .)
 *(SORT_BY_NAME(.fini_array.*))
 *(.fini_array*)
 .fini_array    0x0000000008001808        0x4 /opt/st/stm32cubeide_1.6.0/plugins/com.st.stm32cube.ide.mcu.externaltools.gnu-tools-for-stm32.9-2020-q2-update.linux64_1.5.0.202011040924/tools/bin/../lib/gcc/arm-none-eabi/9.3.1/thumb/v6-m/nofp/crtbegin.o
                [!provide]                        PROVIDE (__fini_array_end = .)
                0x000000000800180c                . = ALIGN (0x4)
                0x000000000800180c                _sidata = LOADADDR (.data)

.data           0x0000000020000000        0x8 load address 0x000000000800180c
                0x0000000020000000                . = ALIGN (0x4)
                0x0000000020000000                _sdata = .
 *(.data)
 *(.data*)
 .data.SystemCoreClock
                0x0000000020000000        0x4 Core/Src/system_stm32f0xx.o
                0x0000000020000000                SystemCoreClock
 .data.uwTickFreq
                0x0000000020000004        0x1 Drivers/STM32F0xx_HAL_Driver/Src/stm32f0xx_hal.o
                0x0000000020000004                uwTickFreq
 *(.RamFunc)
 *(.RamFunc*)
                0x0000000020000008                . = ALIGN (0x4)
 *fill*         0x0000000020000005        0x3 
                0x0000000020000008                _edata = .

.igot.plt       0x0000000020000008        0x0 load address 0x0000000008001814
 .igot.plt      0x0000000020000008        0x0 /opt/st/stm32cubeide_1.6.0/plugins/com.st.stm32cube.ide.mcu.externaltools.gnu-tools-for-stm32.9-2020-q2-update.linux64_1.5.0.202011040924/tools/bin/../lib/gcc/arm-none-eabi/9.3.1/thumb/v6-m/nofp/crtbegin.o
                0x0000000020000008                . = ALIGN (0x4)

.bss            0x0000000020000008       0xf4 load address 0x0000000008001814
                0x0000000020000008                _sbss = .
                0x0000000020000008                __bss_start__ = _sbss
 *(.bss)
 .bss           0x0000000020000008       0x1c /opt/st/stm32cubeide_1.6.0/plugins/com.st.stm32cube.ide.mcu.externaltools.gnu-tools-for-stm32.9-2020-q2-update.linux64_1.5.0.202011040924/tools/bin/../lib/gcc/arm-none-eabi/9.3.1/thumb/v6-m/nofp/crtbegin.o
 *(.bss*)
 .bss.pxCurrentTCB
                0x0000000020000024        0x4 FreeRTOS/tasks.o
                0x0000000020000024                pxCurrentTCB
 .bss.pxReadyTasksLists
                0x0000000020000028       0x64 FreeRTOS/tasks.o
 .bss.pxDelayedTaskList
                0x000000002000008c        0x4 FreeRTOS/tasks.o
 .bss.pxOverflowDelayedTaskList
                0x0000000020000090        0x4 FreeRTOS/tasks.o
 .bss.xTickCount
                0x0000000020000094        0x4 FreeRTOS/tasks.o
 .bss.uxTopReadyPriority
                0x0000000020000098        0x4 FreeRTOS/tasks.o
 .bss.xPendedTicks
                0x000000002000009c        0x4 FreeRTOS/tasks.o
 .bss.xYieldPending
                0x00000000200000a0        0x4 FreeRTOS/tasks.o
 .bss.xNumOfOverflows
                0x00000000200000a4        0x4 FreeRTOS/tasks.o
 .bss.xNextTaskUnblockTime
                0x00000000200000a8        0x4 FreeRTOS/tasks.o
 .bss.uxSchedulerSuspended
                0x00000000200000ac        0x4 FreeRTOS/tasks.o
 *(COMMON)
 COMMON         0x00000000200000b0       0x48 Core/Src/stm32f0xx_hal_timebase_tim.o
                0x00000000200000b0                htim14
 COMMON         0x00000000200000f8        0x4 Drivers/STM32F0xx_HAL_Driver/Src/stm32f0xx_hal.o
                0x00000000200000f8                uwTick
                0x00000000200000fc                . = ALIGN (0x4)
                0x00000000200000fc                _ebss = .
                0x00000000200000fc                __bss_end__ = _ebss

._user_heap_stack
                0x00000000200000fc      0x604 load address 0x0000000008001814
                0x0000000020000100                . = ALIGN (0x8)
 *fill*         0x00000000200000fc        0x4 
                [!provide]                        PROVIDE (end = .)
                [!provide]                        PROVIDE (_end = .)
                0x0000000020000300                . = (. + _Min_Heap_Size)
 *fill*         0x0000000020000100      0x200 
                0x0000000020000700                . = (. + _Min_Stack_Size)
 *fill*         0x0000000020000300      0x400 
                0x0000000020000700                . = ALIGN (0x8)

/DISCARD/
 libc.a(*)
 libm.a(*)
 libgcc.a(*)

.ARM.attributes
                0x0000000000000000       0x28
 *(.ARM.attributes)
 .ARM.attributes
                0x0000000000000000       0x1e /opt/st/stm32cubeide_1.6.0/plugins/com.st.stm32cube.ide.mcu.externaltools.gnu-tools-for-stm32.9-2020-q2-update.linux64_1.5.0.202011040924/tools/bin/../lib/gcc/arm-none-eabi/9.3.1/thumb/v6-m/nofp/crti.o
 .ARM.attributes
                0x000000000000001e       0x2c /opt/st/stm32cubeide_1.6.0/plugins/com.st.stm32cube.ide.mcu.externaltools.gnu-tools-for-stm32.9-2020-q2-update.linux64_1.5.0.202011040924/tools/bin/../lib/gcc/arm-none-eabi/9.3.1/thumb/v6-m/nofp/crtbegin.o
 .ARM.attributes
                0x000000000000004a       0x2c Core/Src/main.o
 .ARM.attributes
                0x0000000000000076       0x2c Core/Src/stm32f0xx_hal_msp.o
 .ARM.attributes
                0x00000000000000a2       0x2c Core/Src/stm32f0xx_hal_timebase_tim.o
 .ARM.attributes
                0x00000000000000ce       0x2c Core/Src/stm32f0xx_it.o
 .ARM.attributes
                0x00000000000000fa       0x2c Core/Src/system_stm32f0xx.o
 .ARM.attributes
                0x0000000000000126       0x21 Core/Startup/startup_stm32f030f4px.o
 .ARM.attributes
                0x0000000000000147       0x2c Drivers/STM32F0xx_HAL_Driver/Src/stm32f0xx_hal.o
 .ARM.attributes
                0x0000000000000173       0x2c Drivers/STM32F0xx_HAL_Driver/Src/stm32f0xx_hal_cortex.o
 .ARM.attributes
                0x000000000000019f       0x2c Drivers/STM32F0xx_HAL_Driver/Src/stm32f0xx_hal_rcc.o
 .ARM.attributes
                0x00000000000001cb       0x2c Drivers/STM32F0xx_HAL_Driver/Src/stm32f0xx_hal_tim.o
 .ARM.attributes
                0x00000000000001f7       0x2c Drivers/STM32F0xx_HAL_Driver/Src/stm32f0xx_hal_tim_ex.o
 .ARM.attributes
                0x0000000000000223       0x2c FreeRTOS/list.o
 .ARM.attributes
                0x000000000000024f       0x2c FreeRTOS/tasks.o
 .ARM.attributes
                0x000000000000027b       0x2c FreeRTOS/portable/GCC/ARM_CM0/port.o
 .ARM.attributes
                0x00000000000002a7       0x2c /opt/st/stm32cubeide_1.6.0/plugins/com.st.stm32cube.ide.mcu.externaltools.gnu-tools-for-stm32.9-2020-q2-update.linux64_1.5.0.202011040924/tools/bin/../lib/gcc/arm-none-eabi/9.3.1/../../../../arm-none-eabi/lib/thumb/v6-m/nofp/libc_nano.a(lib_a-init.o)
 .ARM.attributes
                0x00000000000002d3       0x2c /opt/st/stm32cubeide_1.6.0/plugins/com.st.stm32cube.ide.mcu.externaltools.gnu-tools-for-stm32.9-2020-q2-update.linux64_1.5.0.202011040924/tools/bin/../lib/gcc/arm-none-eabi/9.3.1/../../../../arm-none-eabi/lib/thumb/v6-m/nofp/libc_nano.a(lib_a-memset.o)
 .ARM.attributes
                0x00000000000002ff       0x1e /opt/st/stm32cubeide_1.6.0/plugins/com.st.stm32cube.ide.mcu.externaltools.gnu-tools-for-stm32.9-2020-q2-update.linux64_1.5.0.202011040924/tools/bin/../lib/gcc/arm-none-eabi/9.3.1/thumb/v6-m/nofp/libgcc.a(_udivsi3.o)
 .ARM.attributes
                0x000000000000031d       0x1e /opt/st/stm32cubeide_1.6.0/plugins/com.st.stm32cube.ide.mcu.externaltools.gnu-tools-for-stm32.9-2020-q2-update.linux64_1.5.0.202011040924/tools/bin/../lib/gcc/arm-none-eabi/9.3.1/thumb/v6-m/nofp/libgcc.a(_dvmd_tls.o)
 .ARM.attributes
                0x000000000000033b       0x1e /opt/st/stm32cubeide_1.6.0/plugins/com.st.stm32cube.ide.mcu.externaltools.gnu-tools-for-stm32.9-2020-q2-update.linux64_1.5.0.202011040924/tools/bin/../lib/gcc/arm-none-eabi/9.3.1/thumb/v6-m/nofp/crtn.o
OUTPUT(controladora_ws2812_cortexM0.elf elf32-littlearm)
LOAD linker stubs
LOAD /opt/st/stm32cubeide_1.6.0/plugins/com.st.stm32cube.ide.mcu.externaltools.gnu-tools-for-stm32.9-2020-q2-update.linux64_1.5.0.202011040924/tools/bin/../lib/gcc/arm-none-eabi/9.3.1/../../../../arm-none-eabi/lib/thumb/v6-m/nofp/libc.a
LOAD /opt/st/stm32cubeide_1.6.0/plugins/com.st.stm32cube.ide.mcu.externaltools.gnu-tools-for-stm32.9-2020-q2-update.linux64_1.5.0.202011040924/tools/bin/../lib/gcc/arm-none-eabi/9.3.1/../../../../arm-none-eabi/lib/thumb/v6-m/nofp/libm.a
LOAD /opt/st/stm32cubeide_1.6.0/plugins/com.st.stm32cube.ide.mcu.externaltools.gnu-tools-for-stm32.9-2020-q2-update.linux64_1.5.0.202011040924/tools/bin/../lib/gcc/arm-none-eabi/9.3.1/thumb/v6-m/nofp/libgcc.a

.debug_info     0x0000000000000000     0xa6ee
 .debug_info    0x0000000000000000      0x8ba Core/Src/main.o
 .debug_info    0x00000000000008ba      0x27d Core/Src/stm32f0xx_hal_msp.o
 .debug_info    0x0000000000000b37      0x97a Core/Src/stm32f0xx_hal_timebase_tim.o
 .debug_info    0x00000000000014b1      0x70a Core/Src/stm32f0xx_it.o
 .debug_info    0x0000000000001bbb      0x2c3 Core/Src/system_stm32f0xx.o
 .debug_info    0x0000000000001e7e       0x22 Core/Startup/startup_stm32f030f4px.o
 .debug_info    0x0000000000001ea0      0x6be Drivers/STM32F0xx_HAL_Driver/Src/stm32f0xx_hal.o
 .debug_info    0x000000000000255e      0x7a0 Drivers/STM32F0xx_HAL_Driver/Src/stm32f0xx_hal_cortex.o
 .debug_info    0x0000000000002cfe      0x88d Drivers/STM32F0xx_HAL_Driver/Src/stm32f0xx_hal_rcc.o
 .debug_info    0x000000000000358b     0x2ba9 Drivers/STM32F0xx_HAL_Driver/Src/stm32f0xx_hal_tim.o
 .debug_info    0x0000000000006134     0x1529 Drivers/STM32F0xx_HAL_Driver/Src/stm32f0xx_hal_tim_ex.o
 .debug_info    0x000000000000765d      0xb82 FreeRTOS/list.o
 .debug_info    0x00000000000081df     0x2287 FreeRTOS/tasks.o
 .debug_info    0x000000000000a466      0x288 FreeRTOS/portable/GCC/ARM_CM0/port.o

.debug_abbrev   0x0000000000000000     0x1a9c
 .debug_abbrev  0x0000000000000000      0x1eb Core/Src/main.o
 .debug_abbrev  0x00000000000001eb      0x11d Core/Src/stm32f0xx_hal_msp.o
 .debug_abbrev  0x0000000000000308      0x1d0 Core/Src/stm32f0xx_hal_timebase_tim.o
 .debug_abbrev  0x00000000000004d8      0x187 Core/Src/stm32f0xx_it.o
 .debug_abbrev  0x000000000000065f      0x145 Core/Src/system_stm32f0xx.o
 .debug_abbrev  0x00000000000007a4       0x12 Core/Startup/startup_stm32f030f4px.o
 .debug_abbrev  0x00000000000007b6      0x21e Drivers/STM32F0xx_HAL_Driver/Src/stm32f0xx_hal.o
 .debug_abbrev  0x00000000000009d4      0x2a9 Drivers/STM32F0xx_HAL_Driver/Src/stm32f0xx_hal_cortex.o
 .debug_abbrev  0x0000000000000c7d      0x23b Drivers/STM32F0xx_HAL_Driver/Src/stm32f0xx_hal_rcc.o
 .debug_abbrev  0x0000000000000eb8      0x26f Drivers/STM32F0xx_HAL_Driver/Src/stm32f0xx_hal_tim.o
 .debug_abbrev  0x0000000000001127      0x277 Drivers/STM32F0xx_HAL_Driver/Src/stm32f0xx_hal_tim_ex.o
 .debug_abbrev  0x000000000000139e      0x1f7 FreeRTOS/list.o
 .debug_abbrev  0x0000000000001595      0x341 FreeRTOS/tasks.o
 .debug_abbrev  0x00000000000018d6      0x1c6 FreeRTOS/portable/GCC/ARM_CM0/port.o

.debug_aranges  0x0000000000000000      0xb10
 .debug_aranges
                0x0000000000000000       0x38 Core/Src/main.o
 .debug_aranges
                0x0000000000000038       0x20 Core/Src/stm32f0xx_hal_msp.o
 .debug_aranges
                0x0000000000000058       0x30 Core/Src/stm32f0xx_hal_timebase_tim.o
 .debug_aranges
                0x0000000000000088       0x30 Core/Src/stm32f0xx_it.o
 .debug_aranges
                0x00000000000000b8       0x28 Core/Src/system_stm32f0xx.o
 .debug_aranges
                0x00000000000000e0       0x28 Core/Startup/startup_stm32f030f4px.o
 .debug_aranges
                0x0000000000000108       0xd0 Drivers/STM32F0xx_HAL_Driver/Src/stm32f0xx_hal.o
 .debug_aranges
                0x00000000000001d8       0xc0 Drivers/STM32F0xx_HAL_Driver/Src/stm32f0xx_hal_cortex.o
 .debug_aranges
                0x0000000000000298       0x80 Drivers/STM32F0xx_HAL_Driver/Src/stm32f0xx_hal_rcc.o
 .debug_aranges
                0x0000000000000318      0x3d0 Drivers/STM32F0xx_HAL_Driver/Src/stm32f0xx_hal_tim.o
 .debug_aranges
                0x00000000000006e8      0x168 Drivers/STM32F0xx_HAL_Driver/Src/stm32f0xx_hal_tim_ex.o
 .debug_aranges
                0x0000000000000850       0x40 FreeRTOS/list.o
 .debug_aranges
                0x0000000000000890      0x1f8 FreeRTOS/tasks.o
 .debug_aranges
                0x0000000000000a88       0x88 FreeRTOS/portable/GCC/ARM_CM0/port.o

.debug_ranges   0x0000000000000000      0xa38
 .debug_ranges  0x0000000000000000       0x28 Core/Src/main.o
 .debug_ranges  0x0000000000000028       0x10 Core/Src/stm32f0xx_hal_msp.o
 .debug_ranges  0x0000000000000038       0x20 Core/Src/stm32f0xx_hal_timebase_tim.o
 .debug_ranges  0x0000000000000058       0x20 Core/Src/stm32f0xx_it.o
 .debug_ranges  0x0000000000000078       0x18 Core/Src/system_stm32f0xx.o
 .debug_ranges  0x0000000000000090       0x20 Core/Startup/startup_stm32f030f4px.o
 .debug_ranges  0x00000000000000b0       0xc0 Drivers/STM32F0xx_HAL_Driver/Src/stm32f0xx_hal.o
 .debug_ranges  0x0000000000000170       0xb0 Drivers/STM32F0xx_HAL_Driver/Src/stm32f0xx_hal_cortex.o
 .debug_ranges  0x0000000000000220       0x70 Drivers/STM32F0xx_HAL_Driver/Src/stm32f0xx_hal_rcc.o
 .debug_ranges  0x0000000000000290      0x3c0 Drivers/STM32F0xx_HAL_Driver/Src/stm32f0xx_hal_tim.o
 .debug_ranges  0x0000000000000650      0x158 Drivers/STM32F0xx_HAL_Driver/Src/stm32f0xx_hal_tim_ex.o
 .debug_ranges  0x00000000000007a8       0x30 FreeRTOS/list.o
 .debug_ranges  0x00000000000007d8      0x1e8 FreeRTOS/tasks.o
 .debug_ranges  0x00000000000009c0       0x78 FreeRTOS/portable/GCC/ARM_CM0/port.o

.debug_macro    0x0000000000000000     0xf0bc
 .debug_macro   0x0000000000000000      0x1b7 Core/Src/main.o
 .debug_macro   0x00000000000001b7      0xa7e Core/Src/main.o
 .debug_macro   0x0000000000000c35      0x12d Core/Src/main.o
 .debug_macro   0x0000000000000d62       0x2e Core/Src/main.o
 .debug_macro   0x0000000000000d90       0x22 Core/Src/main.o
 .debug_macro   0x0000000000000db2       0x22 Core/Src/main.o
 .debug_macro   0x0000000000000dd4       0x8e Core/Src/main.o
 .debug_macro   0x0000000000000e62       0x51 Core/Src/main.o
 .debug_macro   0x0000000000000eb3      0x103 Core/Src/main.o
 .debug_macro   0x0000000000000fb6       0x6a Core/Src/main.o
 .debug_macro   0x0000000000001020      0x1df Core/Src/main.o
 .debug_macro   0x00000000000011ff       0x1c Core/Src/main.o
 .debug_macro   0x000000000000121b       0x22 Core/Src/main.o
 .debug_macro   0x000000000000123d       0xb5 Core/Src/main.o
 .debug_macro   0x00000000000012f2      0x391 Core/Src/main.o
 .debug_macro   0x0000000000001683     0x6e67 Core/Src/main.o
 .debug_macro   0x00000000000084ea       0x66 Core/Src/main.o
 .debug_macro   0x0000000000008550     0x34a6 Core/Src/main.o
 .debug_macro   0x000000000000b9f6      0x174 Core/Src/main.o
 .debug_macro   0x000000000000bb6a       0x55 Core/Src/main.o
 .debug_macro   0x000000000000bbbf      0x924 Core/Src/main.o
 .debug_macro   0x000000000000c4e3       0xe5 Core/Src/main.o
 .debug_macro   0x000000000000c5c8      0x1af Core/Src/main.o
 .debug_macro   0x000000000000c777       0xb3 Core/Src/main.o
 .debug_macro   0x000000000000c82a      0x1a0 Core/Src/main.o
 .debug_macro   0x000000000000c9ca      0x1ed Core/Src/main.o
 .debug_macro   0x000000000000cbb7       0x34 Core/Src/main.o
 .debug_macro   0x000000000000cbeb       0x43 Core/Src/main.o
 .debug_macro   0x000000000000cc2e       0x28 Core/Src/main.o
 .debug_macro   0x000000000000cc56       0xb0 Core/Src/main.o
 .debug_macro   0x000000000000cd06      0x15a Core/Src/main.o
 .debug_macro   0x000000000000ce60      0x22c Core/Src/main.o
 .debug_macro   0x000000000000d08c       0x61 Core/Src/main.o
 .debug_macro   0x000000000000d0ed       0xa5 Core/Src/main.o
 .debug_macro   0x000000000000d192       0x4c Core/Src/main.o
 .debug_macro   0x000000000000d1de       0x2b Core/Src/main.o
 .debug_macro   0x000000000000d209      0x8d8 Core/Src/main.o
 .debug_macro   0x000000000000dae1       0x28 Core/Src/main.o
 .debug_macro   0x000000000000db09       0xf1 Core/Src/main.o
 .debug_macro   0x000000000000dbfa      0x1b7 Core/Src/stm32f0xx_hal_msp.o
 .debug_macro   0x000000000000ddb1      0x1ad Core/Src/stm32f0xx_hal_timebase_tim.o
 .debug_macro   0x000000000000df5e      0x1c1 Core/Src/stm32f0xx_it.o
 .debug_macro   0x000000000000e11f      0x1ad Core/Src/system_stm32f0xx.o
 .debug_macro   0x000000000000e2cc      0x1d1 Drivers/STM32F0xx_HAL_Driver/Src/stm32f0xx_hal.o
 .debug_macro   0x000000000000e49d      0x1ad Drivers/STM32F0xx_HAL_Driver/Src/stm32f0xx_hal_cortex.o
 .debug_macro   0x000000000000e64a      0x1bf Drivers/STM32F0xx_HAL_Driver/Src/stm32f0xx_hal_rcc.o
 .debug_macro   0x000000000000e809      0x1ae Drivers/STM32F0xx_HAL_Driver/Src/stm32f0xx_hal_tim.o
 .debug_macro   0x000000000000e9b7      0x1ad Drivers/STM32F0xx_HAL_Driver/Src/stm32f0xx_hal_tim_ex.o
 .debug_macro   0x000000000000eb64      0x193 FreeRTOS/list.o
 .debug_macro   0x000000000000ecf7      0x27f FreeRTOS/tasks.o
 .debug_macro   0x000000000000ef76       0x10 FreeRTOS/tasks.o
 .debug_macro   0x000000000000ef86      0x136 FreeRTOS/portable/GCC/ARM_CM0/port.o

.debug_line     0x0000000000000000     0xb846
 .debug_line    0x0000000000000000      0x70c Core/Src/main.o
 .debug_line    0x000000000000070c      0x68c Core/Src/stm32f0xx_hal_msp.o
 .debug_line    0x0000000000000d98      0x6e8 Core/Src/stm32f0xx_hal_timebase_tim.o
 .debug_line    0x0000000000001480      0x6ca Core/Src/stm32f0xx_it.o
 .debug_line    0x0000000000001b4a      0x6fb Core/Src/system_stm32f0xx.o
 .debug_line    0x0000000000002245       0x89 Core/Startup/startup_stm32f030f4px.o
 .debug_line    0x00000000000022ce      0x906 Drivers/STM32F0xx_HAL_Driver/Src/stm32f0xx_hal.o
 .debug_line    0x0000000000002bd4      0x9b2 Drivers/STM32F0xx_HAL_Driver/Src/stm32f0xx_hal_cortex.o
 .debug_line    0x0000000000003586      0xcf2 Drivers/STM32F0xx_HAL_Driver/Src/stm32f0xx_hal_rcc.o
 .debug_line    0x0000000000004278     0x351c Drivers/STM32F0xx_HAL_Driver/Src/stm32f0xx_hal_tim.o
 .debug_line    0x0000000000007794     0x182d Drivers/STM32F0xx_HAL_Driver/Src/stm32f0xx_hal_tim_ex.o
 .debug_line    0x0000000000008fc1      0x73e FreeRTOS/list.o
 .debug_line    0x00000000000096ff     0x1a57 FreeRTOS/tasks.o
 .debug_line    0x000000000000b156      0x6f0 FreeRTOS/portable/GCC/ARM_CM0/port.o

.debug_str      0x0000000000000000    0x6537b
 .debug_str     0x0000000000000000    0x59969 Core/Src/main.o
                                      0x59c93 (size before relaxing)
 .debug_str     0x0000000000059969       0x86 Core/Src/stm32f0xx_hal_msp.o
                                      0x596bb (size before relaxing)
 .debug_str     0x00000000000599ef      0x1a7 Core/Src/stm32f0xx_hal_timebase_tim.o
                                      0x59d9d (size before relaxing)
 .debug_str     0x0000000000059b96       0x5c Core/Src/stm32f0xx_it.o
                                      0x59b4c (size before relaxing)
 .debug_str     0x0000000000059bf2       0x5f Core/Src/system_stm32f0xx.o
                                      0x596dd (size before relaxing)
 .debug_str     0x0000000000059c51       0x36 Core/Startup/startup_stm32f030f4px.o
                                         0x7d (size before relaxing)
 .debug_str     0x0000000000059c87      0x2d3 Drivers/STM32F0xx_HAL_Driver/Src/stm32f0xx_hal.o
                                      0x59bb4 (size before relaxing)
 .debug_str     0x0000000000059f5a      0x204 Drivers/STM32F0xx_HAL_Driver/Src/stm32f0xx_hal_cortex.o
                                      0x59a68 (size before relaxing)
 .debug_str     0x000000000005a15e      0x299 Drivers/STM32F0xx_HAL_Driver/Src/stm32f0xx_hal_rcc.o
                                      0x59ae7 (size before relaxing)
 .debug_str     0x000000000005a3f7      0xe4d Drivers/STM32F0xx_HAL_Driver/Src/stm32f0xx_hal_tim.o
                                      0x5aa98 (size before relaxing)
 .debug_str     0x000000000005b244      0x538 Drivers/STM32F0xx_HAL_Driver/Src/stm32f0xx_hal_tim_ex.o
                                      0x5a249 (size before relaxing)
 .debug_str     0x000000000005b77c     0x6922 FreeRTOS/list.o
                                       0xa901 (size before relaxing)
 .debug_str     0x000000000006209e     0x2ebf FreeRTOS/tasks.o
                                       0xd819 (size before relaxing)
 .debug_str     0x0000000000064f5d      0x41e FreeRTOS/portable/GCC/ARM_CM0/port.o
                                       0x8bb1 (size before relaxing)

.comment        0x0000000000000000       0x53
 .comment       0x0000000000000000       0x53 Core/Src/main.o
                                         0x54 (size before relaxing)
 .comment       0x0000000000000053       0x54 Core/Src/stm32f0xx_hal_msp.o
 .comment       0x0000000000000053       0x54 Core/Src/stm32f0xx_hal_timebase_tim.o
 .comment       0x0000000000000053       0x54 Core/Src/stm32f0xx_it.o
 .comment       0x0000000000000053       0x54 Core/Src/system_stm32f0xx.o
 .comment       0x0000000000000053       0x54 Drivers/STM32F0xx_HAL_Driver/Src/stm32f0xx_hal.o
 .comment       0x0000000000000053       0x54 Drivers/STM32F0xx_HAL_Driver/Src/stm32f0xx_hal_cortex.o
 .comment       0x0000000000000053       0x54 Drivers/STM32F0xx_HAL_Driver/Src/stm32f0xx_hal_rcc.o
 .comment       0x0000000000000053       0x54 Drivers/STM32F0xx_HAL_Driver/Src/stm32f0xx_hal_tim.o
 .comment       0x0000000000000053       0x54 Drivers/STM32F0xx_HAL_Driver/Src/stm32f0xx_hal_tim_ex.o
 .comment       0x0000000000000053       0x54 FreeRTOS/list.o
 .comment       0x0000000000000053       0x54 FreeRTOS/tasks.o
 .comment       0x0000000000000053       0x54 FreeRTOS/portable/GCC/ARM_CM0/port.o

.debug_frame    0x0000000000000000     0x2714
 .debug_frame   0x0000000000000000       0x88 Core/Src/main.o
 .debug_frame   0x0000000000000088       0x30 Core/Src/stm32f0xx_hal_msp.o
 .debug_frame   0x00000000000000b8       0x68 Core/Src/stm32f0xx_hal_timebase_tim.o
 .debug_frame   0x0000000000000120       0x64 Core/Src/stm32f0xx_it.o
 .debug_frame   0x0000000000000184       0x4c Core/Src/system_stm32f0xx.o
 .debug_frame   0x00000000000001d0      0x2a4 Drivers/STM32F0xx_HAL_Driver/Src/stm32f0xx_hal.o
 .debug_frame   0x0000000000000474      0x2a0 Drivers/STM32F0xx_HAL_Driver/Src/stm32f0xx_hal_cortex.o
 .debug_frame   0x0000000000000714      0x198 Drivers/STM32F0xx_HAL_Driver/Src/stm32f0xx_hal_rcc.o
 .debug_frame   0x00000000000008ac      0xf00 Drivers/STM32F0xx_HAL_Driver/Src/stm32f0xx_hal_tim.o
 .debug_frame   0x00000000000017ac      0x560 Drivers/STM32F0xx_HAL_Driver/Src/stm32f0xx_hal_tim_ex.o
 .debug_frame   0x0000000000001d0c       0xb0 FreeRTOS/list.o
 .debug_frame   0x0000000000001dbc      0x778 FreeRTOS/tasks.o
 .debug_frame   0x0000000000002534      0x174 FreeRTOS/portable/GCC/ARM_CM0/port.o
 .debug_frame   0x00000000000026a8       0x2c /opt/st/stm32cubeide_1.6.0/plugins/com.st.stm32cube.ide.mcu.externaltools.gnu-tools-for-stm32.9-2020-q2-update.linux64_1.5.0.202011040924/tools/bin/../lib/gcc/arm-none-eabi/9.3.1/../../../../arm-none-eabi/lib/thumb/v6-m/nofp/libc_nano.a(lib_a-init.o)
 .debug_frame   0x00000000000026d4       0x20 /opt/st/stm32cubeide_1.6.0/plugins/com.st.stm32cube.ide.mcu.externaltools.gnu-tools-for-stm32.9-2020-q2-update.linux64_1.5.0.202011040924/tools/bin/../lib/gcc/arm-none-eabi/9.3.1/../../../../arm-none-eabi/lib/thumb/v6-m/nofp/libc_nano.a(lib_a-memset.o)
 .debug_frame   0x00000000000026f4       0x20 /opt/st/stm32cubeide_1.6.0/plugins/com.st.stm32cube.ide.mcu.externaltools.gnu-tools-for-stm32.9-2020-q2-update.linux64_1.5.0.202011040924/tools/bin/../lib/gcc/arm-none-eabi/9.3.1/thumb/v6-m/nofp/libgcc.a(_udivsi3.o)
