Archive member included to satisfy reference by file (symbol)

/opt/st/stm32cubeide_1.6.0/plugins/com.st.stm32cube.ide.mcu.externaltools.gnu-tools-for-stm32.9-2020-q2-update.linux64_1.5.0.202011040924/tools/bin/../lib/gcc/arm-none-eabi/9.3.1/../../../../arm-none-eabi/lib/thumb/v6-m/nofp/libc_nano.a(lib_a-errno.o)
                              Core/Src/syscalls.o (__errno)
/opt/st/stm32cubeide_1.6.0/plugins/com.st.stm32cube.ide.mcu.externaltools.gnu-tools-for-stm32.9-2020-q2-update.linux64_1.5.0.202011040924/tools/bin/../lib/gcc/arm-none-eabi/9.3.1/../../../../arm-none-eabi/lib/thumb/v6-m/nofp/libc_nano.a(lib_a-exit.o)
                              /opt/st/stm32cubeide_1.6.0/plugins/com.st.stm32cube.ide.mcu.externaltools.gnu-tools-for-stm32.9-2020-q2-update.linux64_1.5.0.202011040924/tools/bin/../lib/gcc/arm-none-eabi/9.3.1/../../../../arm-none-eabi/lib/thumb/v6-m/nofp/crt0.o (exit)
/opt/st/stm32cubeide_1.6.0/plugins/com.st.stm32cube.ide.mcu.externaltools.gnu-tools-for-stm32.9-2020-q2-update.linux64_1.5.0.202011040924/tools/bin/../lib/gcc/arm-none-eabi/9.3.1/../../../../arm-none-eabi/lib/thumb/v6-m/nofp/libc_nano.a(lib_a-impure.o)
                              /opt/st/stm32cubeide_1.6.0/plugins/com.st.stm32cube.ide.mcu.externaltools.gnu-tools-for-stm32.9-2020-q2-update.linux64_1.5.0.202011040924/tools/bin/../lib/gcc/arm-none-eabi/9.3.1/../../../../arm-none-eabi/lib/thumb/v6-m/nofp/libc_nano.a(lib_a-exit.o) (_global_impure_ptr)
/opt/st/stm32cubeide_1.6.0/plugins/com.st.stm32cube.ide.mcu.externaltools.gnu-tools-for-stm32.9-2020-q2-update.linux64_1.5.0.202011040924/tools/bin/../lib/gcc/arm-none-eabi/9.3.1/../../../../arm-none-eabi/lib/thumb/v6-m/nofp/libc_nano.a(lib_a-init.o)
                              /opt/st/stm32cubeide_1.6.0/plugins/com.st.stm32cube.ide.mcu.externaltools.gnu-tools-for-stm32.9-2020-q2-update.linux64_1.5.0.202011040924/tools/bin/../lib/gcc/arm-none-eabi/9.3.1/../../../../arm-none-eabi/lib/thumb/v6-m/nofp/crt0.o (__libc_init_array)
/opt/st/stm32cubeide_1.6.0/plugins/com.st.stm32cube.ide.mcu.externaltools.gnu-tools-for-stm32.9-2020-q2-update.linux64_1.5.0.202011040924/tools/bin/../lib/gcc/arm-none-eabi/9.3.1/../../../../arm-none-eabi/lib/thumb/v6-m/nofp/libc_nano.a(lib_a-memcpy-stub.o)
                              Drivers/STM32F0xx_HAL_Driver/Src/stm32f0xx_hal_rcc.o (memcpy)
/opt/st/stm32cubeide_1.6.0/plugins/com.st.stm32cube.ide.mcu.externaltools.gnu-tools-for-stm32.9-2020-q2-update.linux64_1.5.0.202011040924/tools/bin/../lib/gcc/arm-none-eabi/9.3.1/../../../../arm-none-eabi/lib/thumb/v6-m/nofp/libc_nano.a(lib_a-memset.o)
                              /opt/st/stm32cubeide_1.6.0/plugins/com.st.stm32cube.ide.mcu.externaltools.gnu-tools-for-stm32.9-2020-q2-update.linux64_1.5.0.202011040924/tools/bin/../lib/gcc/arm-none-eabi/9.3.1/../../../../arm-none-eabi/lib/thumb/v6-m/nofp/crt0.o (memset)
/opt/st/stm32cubeide_1.6.0/plugins/com.st.stm32cube.ide.mcu.externaltools.gnu-tools-for-stm32.9-2020-q2-update.linux64_1.5.0.202011040924/tools/bin/../lib/gcc/arm-none-eabi/9.3.1/thumb/v6-m/nofp/libgcc.a(_thumb1_case_sqi.o)
                              FreeRTOS/timers.o (__gnu_thumb1_case_sqi)
/opt/st/stm32cubeide_1.6.0/plugins/com.st.stm32cube.ide.mcu.externaltools.gnu-tools-for-stm32.9-2020-q2-update.linux64_1.5.0.202011040924/tools/bin/../lib/gcc/arm-none-eabi/9.3.1/thumb/v6-m/nofp/libgcc.a(_thumb1_case_uqi.o)
                              Drivers/STM32F0xx_HAL_Driver/Src/stm32f0xx_hal_dma.o (__gnu_thumb1_case_uqi)
/opt/st/stm32cubeide_1.6.0/plugins/com.st.stm32cube.ide.mcu.externaltools.gnu-tools-for-stm32.9-2020-q2-update.linux64_1.5.0.202011040924/tools/bin/../lib/gcc/arm-none-eabi/9.3.1/thumb/v6-m/nofp/libgcc.a(_udivsi3.o)
                              Core/Src/stm32f0xx_hal_timebase_tim.o (__aeabi_uidiv)
/opt/st/stm32cubeide_1.6.0/plugins/com.st.stm32cube.ide.mcu.externaltools.gnu-tools-for-stm32.9-2020-q2-update.linux64_1.5.0.202011040924/tools/bin/../lib/gcc/arm-none-eabi/9.3.1/thumb/v6-m/nofp/libgcc.a(_divsi3.o)
                              Core/Src/system_stm32f0xx.o (__aeabi_idiv)
/opt/st/stm32cubeide_1.6.0/plugins/com.st.stm32cube.ide.mcu.externaltools.gnu-tools-for-stm32.9-2020-q2-update.linux64_1.5.0.202011040924/tools/bin/../lib/gcc/arm-none-eabi/9.3.1/thumb/v6-m/nofp/libgcc.a(_dvmd_tls.o)
                              /opt/st/stm32cubeide_1.6.0/plugins/com.st.stm32cube.ide.mcu.externaltools.gnu-tools-for-stm32.9-2020-q2-update.linux64_1.5.0.202011040924/tools/bin/../lib/gcc/arm-none-eabi/9.3.1/thumb/v6-m/nofp/libgcc.a(_udivsi3.o) (__aeabi_idiv0)
/opt/st/stm32cubeide_1.6.0/plugins/com.st.stm32cube.ide.mcu.externaltools.gnu-tools-for-stm32.9-2020-q2-update.linux64_1.5.0.202011040924/tools/bin/../lib/gcc/arm-none-eabi/9.3.1/thumb/v6-m/nofp/libgcc.a(_lshrdi3.o)
                              Drivers/STM32F0xx_HAL_Driver/Src/stm32f0xx_hal_flash.o (__aeabi_llsr)

Allocating common symbols
Common symbol       size              file

[...]
Memory Configuration

Name             Origin             Length             Attributes
RAM              0x0000000020000000 0x0000000000001000 xrw
FLASH            0x0000000008000000 0x0000000000004000 xr
*default*        0x0000000000000000 0xffffffffffffffff

Linker script and memory map

LOAD /opt/st/stm32cubeide_1.6.0/plugins/com.st.stm32cube.ide.mcu.externaltools.gnu-tools-for-stm32.9-2020-q2-update.linux64_1.5.0.202011040924/tools/bin/../lib/gcc/arm-none-eabi/9.3.1/thumb/v6-m/nofp/crti.o
LOAD /opt/st/stm32cubeide_1.6.0/plugins/com.st.stm32cube.ide.mcu.externaltools.gnu-tools-for-stm32.9-2020-q2-update.linux64_1.5.0.202011040924/tools/bin/../lib/gcc/arm-none-eabi/9.3.1/thumb/v6-m/nofp/crtbegin.o
LOAD /opt/st/stm32cubeide_1.6.0/plugins/com.st.stm32cube.ide.mcu.externaltools.gnu-tools-for-stm32.9-2020-q2-update.linux64_1.5.0.202011040924/tools/bin/../lib/gcc/arm-none-eabi/9.3.1/../../../../arm-none-eabi/lib/thumb/v6-m/nofp/crt0.o
LOAD Core/Src/main.o
LOAD Core/Src/stm32f0xx_hal_msp.o
LOAD Core/Src/stm32f0xx_hal_timebase_tim.o
LOAD Core/Src/stm32f0xx_it.o
LOAD Core/Src/syscalls.o
LOAD Core/Src/system_stm32f0xx.o
LOAD Core/Src/ws2812_task.o
LOAD Core/Startup/startup_stm32f030f4px.o
LOAD Drivers/STM32F0xx_HAL_Driver/Src/stm32f0xx_hal.o
LOAD Drivers/STM32F0xx_HAL_Driver/Src/stm32f0xx_hal_cortex.o
LOAD Drivers/STM32F0xx_HAL_Driver/Src/stm32f0xx_hal_dma.o
LOAD Drivers/STM32F0xx_HAL_Driver/Src/stm32f0xx_hal_exti.o
LOAD Drivers/STM32F0xx_HAL_Driver/Src/stm32f0xx_hal_flash.o
LOAD Drivers/STM32F0xx_HAL_Driver/Src/stm32f0xx_hal_flash_ex.o
LOAD Drivers/STM32F0xx_HAL_Driver/Src/stm32f0xx_hal_gpio.o
LOAD Drivers/STM32F0xx_HAL_Driver/Src/stm32f0xx_hal_i2c.o
LOAD Drivers/STM32F0xx_HAL_Driver/Src/stm32f0xx_hal_i2c_ex.o
LOAD Drivers/STM32F0xx_HAL_Driver/Src/stm32f0xx_hal_pwr.o
LOAD Drivers/STM32F0xx_HAL_Driver/Src/stm32f0xx_hal_pwr_ex.o
LOAD Drivers/STM32F0xx_HAL_Driver/Src/stm32f0xx_hal_rcc.o
LOAD Drivers/STM32F0xx_HAL_Driver/Src/stm32f0xx_hal_rcc_ex.o
LOAD Drivers/STM32F0xx_HAL_Driver/Src/stm32f0xx_hal_spi.o
LOAD Drivers/STM32F0xx_HAL_Driver/Src/stm32f0xx_hal_spi_ex.o
LOAD Drivers/STM32F0xx_HAL_Driver/Src/stm32f0xx_hal_tim.o
LOAD Drivers/STM32F0xx_HAL_Driver/Src/stm32f0xx_hal_tim_ex.o
LOAD FreeRTOS/croutine.o
LOAD FreeRTOS/event_groups.o
LOAD FreeRTOS/list.o
LOAD FreeRTOS/queue.o
LOAD FreeRTOS/stream_buffer.o
LOAD FreeRTOS/tasks.o
LOAD FreeRTOS/timers.o
LOAD FreeRTOS/portable/GCC/ARM_CM0/port.o
LOAD FreeRTOS/portable/MemMang/heap_4.o
START GROUP
LOAD /opt/st/stm32cubeide_1.6.0/plugins/com.st.stm32cube.ide.mcu.externaltools.gnu-tools-for-stm32.9-2020-q2-update.linux64_1.5.0.202011040924/tools/bin/../lib/gcc/arm-none-eabi/9.3.1/../../../../arm-none-eabi/lib/thumb/v6-m/nofp/libc_nano.a
LOAD /opt/st/stm32cubeide_1.6.0/plugins/com.st.stm32cube.ide.mcu.externaltools.gnu-tools-for-stm32.9-2020-q2-update.linux64_1.5.0.202011040924/tools/bin/../lib/gcc/arm-none-eabi/9.3.1/../../../../arm-none-eabi/lib/thumb/v6-m/nofp/libm.a
END GROUP
START GROUP
LOAD /opt/st/stm32cubeide_1.6.0/plugins/com.st.stm32cube.ide.mcu.externaltools.gnu-tools-for-stm32.9-2020-q2-update.linux64_1.5.0.202011040924/tools/bin/../lib/gcc/arm-none-eabi/9.3.1/thumb/v6-m/nofp/libgcc.a
LOAD /opt/st/stm32cubeide_1.6.0/plugins/com.st.stm32cube.ide.mcu.externaltools.gnu-tools-for-stm32.9-2020-q2-update.linux64_1.5.0.202011040924/tools/bin/../lib/gcc/arm-none-eabi/9.3.1/../../../../arm-none-eabi/lib/thumb/v6-m/nofp/libc_nano.a
END GROUP
START GROUP
LOAD /opt/st/stm32cubeide_1.6.0/plugins/com.st.stm32cube.ide.mcu.externaltools.gnu-tools-for-stm32.9-2020-q2-update.linux64_1.5.0.202011040924/tools/bin/../lib/gcc/arm-none-eabi/9.3.1/thumb/v6-m/nofp/libgcc.a
LOAD /opt/st/stm32cubeide_1.6.0/plugins/com.st.stm32cube.ide.mcu.externaltools.gnu-tools-for-stm32.9-2020-q2-update.linux64_1.5.0.202011040924/tools/bin/../lib/gcc/arm-none-eabi/9.3.1/../../../../arm-none-eabi/lib/thumb/v6-m/nofp/libc_nano.a
LOAD /opt/st/stm32cubeide_1.6.0/plugins/com.st.stm32cube.ide.mcu.externaltools.gnu-tools-for-stm32.9-2020-q2-update.linux64_1.5.0.202011040924/tools/bin/../lib/gcc/arm-none-eabi/9.3.1/../../../../arm-none-eabi/lib/thumb/v6-m/nofp/libnosys.a
END GROUP
START GROUP
LOAD /opt/st/stm32cubeide_1.6.0/plugins/com.st.stm32cube.ide.mcu.externaltools.gnu-tools-for-stm32.9-2020-q2-update.linux64_1.5.0.202011040924/tools/bin/../lib/gcc/arm-none-eabi/9.3.1/thumb/v6-m/nofp/libgcc.a
LOAD /opt/st/stm32cubeide_1.6.0/plugins/com.st.stm32cube.ide.mcu.externaltools.gnu-tools-for-stm32.9-2020-q2-update.linux64_1.5.0.202011040924/tools/bin/../lib/gcc/arm-none-eabi/9.3.1/../../../../arm-none-eabi/lib/thumb/v6-m/nofp/libc_nano.a
LOAD /opt/st/stm32cubeide_1.6.0/plugins/com.st.stm32cube.ide.mcu.externaltools.gnu-tools-for-stm32.9-2020-q2-update.linux64_1.5.0.202011040924/tools/bin/../lib/gcc/arm-none-eabi/9.3.1/../../../../arm-none-eabi/lib/thumb/v6-m/nofp/libnosys.a
END GROUP
LOAD /opt/st/stm32cubeide_1.6.0/plugins/com.st.stm32cube.ide.mcu.externaltools.gnu-tools-for-stm32.9-2020-q2-update.linux64_1.5.0.202011040924/tools/bin/../lib/gcc/arm-none-eabi/9.3.1/thumb/v6-m/nofp/crtend.o
LOAD /opt/st/stm32cubeide_1.6.0/plugins/com.st.stm32cube.ide.mcu.externaltools.gnu-tools-for-stm32.9-2020-q2-update.linux64_1.5.0.202011040924/tools/bin/../lib/gcc/arm-none-eabi/9.3.1/thumb/v6-m/nofp/crtn.o
                0x0000000020001000                _estack = (ORIGIN (RAM) + LENGTH (RAM))
                0x0000000000000200                _Min_Heap_Size = 0x200
                0x0000000000000400                _Min_Stack_Size = 0x400

.isr_vector     0x0000000008000000       0xc0
                0x0000000008000000                . = ALIGN (0x4)
 *(.isr_vector)
 .isr_vector    0x0000000008000000       0xc0 Core/Startup/startup_stm32f030f4px.o
                0x0000000008000000                g_pfnVectors
                0x00000000080000c0                . = ALIGN (0x4)

.text           0x00000000080000c0     0x283c
                0x00000000080000c0                . = ALIGN (0x4)
 *(.text)
 .text          0x00000000080000c0       0x48 /opt/st/stm32cubeide_1.6.0/plugins/com.st.stm32cube.ide.mcu.externaltools.gnu-tools-for-stm32.9-2020-q2-update.linux64_1.5.0.202011040924/tools/bin/../lib/gcc/arm-none-eabi/9.3.1/thumb/v6-m/nofp/crtbegin.o
 .text          0x0000000008000108       0x14 /opt/st/stm32cubeide_1.6.0/plugins/com.st.stm32cube.ide.mcu.externaltools.gnu-tools-for-stm32.9-2020-q2-update.linux64_1.5.0.202011040924/tools/bin/../lib/gcc/arm-none-eabi/9.3.1/thumb/v6-m/nofp/libgcc.a(_thumb1_case_sqi.o)
                0x0000000008000108                __gnu_thumb1_case_sqi
 .text          0x000000000800011c      0x114 /opt/st/stm32cubeide_1.6.0/plugins/com.st.stm32cube.ide.mcu.externaltools.gnu-tools-for-stm32.9-2020-q2-update.linux64_1.5.0.202011040924/tools/bin/../lib/gcc/arm-none-eabi/9.3.1/thumb/v6-m/nofp/libgcc.a(_udivsi3.o)
                0x000000000800011c                __udivsi3
                0x000000000800011c                __aeabi_uidiv
                0x0000000008000228                __aeabi_uidivmod
 .text          0x0000000008000230        0x4 /opt/st/stm32cubeide_1.6.0/plugins/com.st.stm32cube.ide.mcu.externaltools.gnu-tools-for-stm32.9-2020-q2-update.linux64_1.5.0.202011040924/tools/bin/../lib/gcc/arm-none-eabi/9.3.1/thumb/v6-m/nofp/libgcc.a(_dvmd_tls.o)
                0x0000000008000230                __aeabi_ldiv0
                0x0000000008000230                __aeabi_idiv0
 *(.text*)
 .text.SystemClock_Config
                0x0000000008000234       0x5e Core/Src/main.o
                0x0000000008000234                SystemClock_Config
 *fill*         0x0000000008000292        0x2 
 .text.startup.main
                0x0000000008000294       0xb4 Core/Src/main.o
                0x0000000008000294                main
 .text.HAL_TIM_PeriodElapsedCallback
                0x0000000008000348       0x14 Core/Src/main.o
                0x0000000008000348                HAL_TIM_PeriodElapsedCallback
 .text.Error_Handler
                0x000000000800035c        0x4 Core/Src/main.o
                0x000000000800035c                Error_Handler
 .text.HAL_MspInit
                0x0000000008000360       0x30 Core/Src/stm32f0xx_hal_msp.o
                0x0000000008000360                HAL_MspInit
 .text.HAL_SPI_MspInit
                0x0000000008000390       0x98 Core/Src/stm32f0xx_hal_msp.o
                0x0000000008000390                HAL_SPI_MspInit
 .text.HAL_InitTick
                0x0000000008000428       0x7c Core/Src/stm32f0xx_hal_timebase_tim.o
                0x0000000008000428                HAL_InitTick
 .text.NMI_Handler
                0x00000000080004a4        0x2 Core/Src/stm32f0xx_it.o
                0x00000000080004a4                NMI_Handler
 .text.HardFault_Handler
                0x00000000080004a6        0x2 Core/Src/stm32f0xx_it.o
                0x00000000080004a6                HardFault_Handler
 .text.DMA1_Channel2_3_IRQHandler
                0x00000000080004a8       0x10 Core/Src/stm32f0xx_it.o
                0x00000000080004a8                DMA1_Channel2_3_IRQHandler
 .text.TIM14_IRQHandler
                0x00000000080004b8       0x10 Core/Src/stm32f0xx_it.o
                0x00000000080004b8                TIM14_IRQHandler
 .text.SystemInit
                0x00000000080004c8        0x2 Core/Src/system_stm32f0xx.o
                0x00000000080004c8                SystemInit
 *fill*         0x00000000080004ca        0x2 
 .text.ws2812_task
                0x00000000080004cc       0x1c Core/Src/ws2812_task.o
                0x00000000080004cc                ws2812_task
 .text.Reset_Handler
                0x00000000080004e8       0x50 Core/Startup/startup_stm32f030f4px.o
                0x00000000080004e8                Reset_Handler
 .text.Default_Handler
                0x0000000008000538        0x2 Core/Startup/startup_stm32f030f4px.o
                0x0000000008000538                TIM1_CC_IRQHandler
                0x0000000008000538                I2C1_IRQHandler
                0x0000000008000538                SPI1_IRQHandler
                0x0000000008000538                EXTI2_3_IRQHandler
                0x0000000008000538                ADC1_IRQHandler
                0x0000000008000538                TIM17_IRQHandler
                0x0000000008000538                RTC_IRQHandler
                0x0000000008000538                TIM16_IRQHandler
                0x0000000008000538                TIM3_IRQHandler
                0x0000000008000538                EXTI4_15_IRQHandler
                0x0000000008000538                RCC_IRQHandler
                0x0000000008000538                DMA1_Channel1_IRQHandler
                0x0000000008000538                Default_Handler
                0x0000000008000538                DMA1_Channel4_5_IRQHandler
                0x0000000008000538                EXTI0_1_IRQHandler
                0x0000000008000538                WWDG_IRQHandler
                0x0000000008000538                FLASH_IRQHandler
                0x0000000008000538                USART1_IRQHandler
                0x0000000008000538                TIM1_BRK_UP_TRG_COM_IRQHandler
 *fill*         0x000000000800053a        0x2 
 .text.HAL_Init
                0x000000000800053c       0x20 Drivers/STM32F0xx_HAL_Driver/Src/stm32f0xx_hal.o
                0x000000000800053c                HAL_Init
 .text.HAL_IncTick
                0x000000000800055c       0x18 Drivers/STM32F0xx_HAL_Driver/Src/stm32f0xx_hal.o
                0x000000000800055c                HAL_IncTick
 .text.HAL_GetTick
                0x0000000008000574        0xc Drivers/STM32F0xx_HAL_Driver/Src/stm32f0xx_hal.o
                0x0000000008000574                HAL_GetTick
 .text.HAL_NVIC_SetPriority
                0x0000000008000580       0x54 Drivers/STM32F0xx_HAL_Driver/Src/stm32f0xx_hal_cortex.o
                0x0000000008000580                HAL_NVIC_SetPriority
 .text.HAL_NVIC_EnableIRQ
                0x00000000080005d4       0x18 Drivers/STM32F0xx_HAL_Driver/Src/stm32f0xx_hal_cortex.o
                0x00000000080005d4                HAL_NVIC_EnableIRQ
 .text.HAL_DMA_Init
                0x00000000080005ec       0x64 Drivers/STM32F0xx_HAL_Driver/Src/stm32f0xx_hal_dma.o
                0x00000000080005ec                HAL_DMA_Init
 .text.HAL_DMA_Start_IT
                0x0000000008000650       0x7c Drivers/STM32F0xx_HAL_Driver/Src/stm32f0xx_hal_dma.o
                0x0000000008000650                HAL_DMA_Start_IT
 .text.HAL_DMA_IRQHandler
                0x00000000080006cc       0x92 Drivers/STM32F0xx_HAL_Driver/Src/stm32f0xx_hal_dma.o
                0x00000000080006cc                HAL_DMA_IRQHandler
 *fill*         0x000000000800075e        0x2 
 .text.HAL_GPIO_Init
                0x0000000008000760      0x16c Drivers/STM32F0xx_HAL_Driver/Src/stm32f0xx_hal_gpio.o
                0x0000000008000760                HAL_GPIO_Init
 .text.HAL_RCC_OscConfig
                0x00000000080008cc      0x400 Drivers/STM32F0xx_HAL_Driver/Src/stm32f0xx_hal_rcc.o
                0x00000000080008cc                HAL_RCC_OscConfig
 .text.HAL_RCC_GetSysClockFreq
                0x0000000008000ccc       0x64 Drivers/STM32F0xx_HAL_Driver/Src/stm32f0xx_hal_rcc.o
                0x0000000008000ccc                HAL_RCC_GetSysClockFreq
 .text.HAL_RCC_ClockConfig
                0x0000000008000d30      0x108 Drivers/STM32F0xx_HAL_Driver/Src/stm32f0xx_hal_rcc.o
                0x0000000008000d30                HAL_RCC_ClockConfig
 .text.HAL_RCC_GetPCLK1Freq
                0x0000000008000e38       0x20 Drivers/STM32F0xx_HAL_Driver/Src/stm32f0xx_hal_rcc.o
                0x0000000008000e38                HAL_RCC_GetPCLK1Freq
 .text.HAL_RCC_GetClockConfig
                0x0000000008000e58       0x38 Drivers/STM32F0xx_HAL_Driver/Src/stm32f0xx_hal_rcc.o
                0x0000000008000e58                HAL_RCC_GetClockConfig
 .text.SPI_WaitFlagStateUntilTimeout.constprop.0
                0x0000000008000e90       0xb8 Drivers/STM32F0xx_HAL_Driver/Src/stm32f0xx_hal_spi.o
 .text.SPI_WaitFifoStateUntilTimeout.constprop.0
                0x0000000008000f48       0xd8 Drivers/STM32F0xx_HAL_Driver/Src/stm32f0xx_hal_spi.o
 .text.SPI_EndRxTxTransaction
                0x0000000008001020       0x46 Drivers/STM32F0xx_HAL_Driver/Src/stm32f0xx_hal_spi.o
 *fill*         0x0000000008001066        0x2 
 .text.HAL_SPI_Init
                0x0000000008001068       0xf0 Drivers/STM32F0xx_HAL_Driver/Src/stm32f0xx_hal_spi.o
                0x0000000008001068                HAL_SPI_Init
 .text.HAL_SPI_Transmit_DMA
                0x0000000008001158      0x118 Drivers/STM32F0xx_HAL_Driver/Src/stm32f0xx_hal_spi.o
                0x0000000008001158                HAL_SPI_Transmit_DMA
 .text.HAL_SPI_TxCpltCallback
                0x0000000008001270        0x2 Drivers/STM32F0xx_HAL_Driver/Src/stm32f0xx_hal_spi.o
                0x0000000008001270                HAL_SPI_TxCpltCallback
 .text.HAL_SPI_TxHalfCpltCallback
                0x0000000008001272        0x2 Drivers/STM32F0xx_HAL_Driver/Src/stm32f0xx_hal_spi.o
                0x0000000008001272                HAL_SPI_TxHalfCpltCallback
 .text.SPI_DMAHalfTransmitCplt
                0x0000000008001274        0xa Drivers/STM32F0xx_HAL_Driver/Src/stm32f0xx_hal_spi.o
 .text.HAL_SPI_ErrorCallback
                0x000000000800127e        0x2 Drivers/STM32F0xx_HAL_Driver/Src/stm32f0xx_hal_spi.o
                0x000000000800127e                HAL_SPI_ErrorCallback
 .text.SPI_DMAError
                0x0000000008001280       0x24 Drivers/STM32F0xx_HAL_Driver/Src/stm32f0xx_hal_spi.o
 .text.SPI_DMATransmitCplt
                0x00000000080012a4       0x6e Drivers/STM32F0xx_HAL_Driver/Src/stm32f0xx_hal_spi.o
 .text.HAL_TIM_Base_MspInit
                0x0000000008001312        0x2 Drivers/STM32F0xx_HAL_Driver/Src/stm32f0xx_hal_tim.o
                0x0000000008001312                HAL_TIM_Base_MspInit
 .text.HAL_TIM_Base_Start_IT
                0x0000000008001314       0x50 Drivers/STM32F0xx_HAL_Driver/Src/stm32f0xx_hal_tim.o
                0x0000000008001314                HAL_TIM_Base_Start_IT
 .text.HAL_TIM_OC_DelayElapsedCallback
                0x0000000008001364        0x2 Drivers/STM32F0xx_HAL_Driver/Src/stm32f0xx_hal_tim.o
                0x0000000008001364                HAL_TIM_OC_DelayElapsedCallback
 .text.HAL_TIM_IC_CaptureCallback
                0x0000000008001366        0x2 Drivers/STM32F0xx_HAL_Driver/Src/stm32f0xx_hal_tim.o
                0x0000000008001366                HAL_TIM_IC_CaptureCallback
 .text.HAL_TIM_PWM_PulseFinishedCallback
                0x0000000008001368        0x2 Drivers/STM32F0xx_HAL_Driver/Src/stm32f0xx_hal_tim.o
                0x0000000008001368                HAL_TIM_PWM_PulseFinishedCallback
 .text.HAL_TIM_TriggerCallback
                0x000000000800136a        0x2 Drivers/STM32F0xx_HAL_Driver/Src/stm32f0xx_hal_tim.o
                0x000000000800136a                HAL_TIM_TriggerCallback
 .text.HAL_TIM_IRQHandler
                0x000000000800136c      0x148 Drivers/STM32F0xx_HAL_Driver/Src/stm32f0xx_hal_tim.o
                0x000000000800136c                HAL_TIM_IRQHandler
 .text.TIM_Base_SetConfig
                0x00000000080014b4       0x80 Drivers/STM32F0xx_HAL_Driver/Src/stm32f0xx_hal_tim.o
                0x00000000080014b4                TIM_Base_SetConfig
 .text.HAL_TIM_Base_Init
                0x0000000008001534       0x50 Drivers/STM32F0xx_HAL_Driver/Src/stm32f0xx_hal_tim.o
                0x0000000008001534                HAL_TIM_Base_Init
 .text.HAL_TIMEx_CommutCallback
                0x0000000008001584        0x2 Drivers/STM32F0xx_HAL_Driver/Src/stm32f0xx_hal_tim_ex.o
                0x0000000008001584                HAL_TIMEx_CommutCallback
 .text.HAL_TIMEx_BreakCallback
                0x0000000008001586        0x2 Drivers/STM32F0xx_HAL_Driver/Src/stm32f0xx_hal_tim_ex.o
                0x0000000008001586                HAL_TIMEx_BreakCallback
 .text.vListInitialise
                0x0000000008001588       0x16 FreeRTOS/list.o
                0x0000000008001588                vListInitialise
 .text.vListInitialiseItem
                0x000000000800159e        0x6 FreeRTOS/list.o
                0x000000000800159e                vListInitialiseItem
 .text.vListInsertEnd
                0x00000000080015a4       0x18 FreeRTOS/list.o
                0x00000000080015a4                vListInsertEnd
 .text.vListInsert
                0x00000000080015bc       0x2e FreeRTOS/list.o
                0x00000000080015bc                vListInsert
 .text.uxListRemove
                0x00000000080015ea       0x20 FreeRTOS/list.o
                0x00000000080015ea                uxListRemove
 .text.prvIsQueueEmpty
                0x000000000800160a       0x14 FreeRTOS/queue.o
 .text.prvCopyDataToQueue
                0x000000000800161e       0x76 FreeRTOS/queue.o
 .text.prvCopyDataFromQueue
                0x0000000008001694       0x24 FreeRTOS/queue.o
 .text.prvUnlockQueue
                0x00000000080016b8       0x6a FreeRTOS/queue.o
 .text.xQueueGenericReset
                0x0000000008001722       0x60 FreeRTOS/queue.o
                0x0000000008001722                xQueueGenericReset
 .text.xQueueGenericCreate
                0x0000000008001782       0x5c FreeRTOS/queue.o
                0x0000000008001782                xQueueGenericCreate
 .text.xQueueGenericSend
                0x00000000080017de      0x118 FreeRTOS/queue.o
                0x00000000080017de                xQueueGenericSend
 .text.xQueueGenericSendFromISR
                0x00000000080018f6       0x9c FreeRTOS/queue.o
                0x00000000080018f6                xQueueGenericSendFromISR
 .text.xQueueReceive
                0x0000000008001992      0x102 FreeRTOS/queue.o
                0x0000000008001992                xQueueReceive
 .text.vQueueAddToRegistry
                0x0000000008001a94       0x24 FreeRTOS/queue.o
                0x0000000008001a94                vQueueAddToRegistry
 .text.vQueueWaitForMessageRestricted
                0x0000000008001ab8       0x4a FreeRTOS/queue.o
                0x0000000008001ab8                vQueueWaitForMessageRestricted
 *fill*         0x0000000008001b02        0x2 
 .text.prvResetNextTaskUnblockTime
                0x0000000008001b04       0x24 FreeRTOS/tasks.o
 .text.prvAddCurrentTaskToDelayedList
                0x0000000008001b28       0x70 FreeRTOS/tasks.o
 .text.prvIdleTask
                0x0000000008001b98       0x4c FreeRTOS/tasks.o
 .text.xTaskCreate
                0x0000000008001be4      0x1ac FreeRTOS/tasks.o
                0x0000000008001be4                xTaskCreate
 .text.vTaskStartScheduler
                0x0000000008001d90       0x64 FreeRTOS/tasks.o
                0x0000000008001d90                vTaskStartScheduler
 .text.vTaskSuspendAll
                0x0000000008001df4       0x10 FreeRTOS/tasks.o
                0x0000000008001df4                vTaskSuspendAll
 .text.xTaskGetTickCount
                0x0000000008001e04        0xc FreeRTOS/tasks.o
                0x0000000008001e04                xTaskGetTickCount
 .text.xTaskIncrementTick
                0x0000000008001e10       0xc4 FreeRTOS/tasks.o
                0x0000000008001e10                xTaskIncrementTick
 .text.xTaskResumeAll
                0x0000000008001ed4       0xc4 FreeRTOS/tasks.o
                0x0000000008001ed4                xTaskResumeAll
 .text.vTaskSwitchContext
                0x0000000008001f98       0x6c FreeRTOS/tasks.o
                0x0000000008001f98                vTaskSwitchContext
 .text.vTaskPlaceOnEventList
                0x0000000008002004       0x24 FreeRTOS/tasks.o
                0x0000000008002004                vTaskPlaceOnEventList
 .text.vTaskPlaceOnEventListRestricted
                0x0000000008002028       0x30 FreeRTOS/tasks.o
                0x0000000008002028                vTaskPlaceOnEventListRestricted
 .text.xTaskRemoveFromEventList
                0x0000000008002058       0x78 FreeRTOS/tasks.o
                0x0000000008002058                xTaskRemoveFromEventList
 .text.vTaskInternalSetTimeOutState
                0x00000000080020d0       0x18 FreeRTOS/tasks.o
                0x00000000080020d0                vTaskInternalSetTimeOutState
 .text.xTaskCheckForTimeOut
                0x00000000080020e8       0x64 FreeRTOS/tasks.o
                0x00000000080020e8                xTaskCheckForTimeOut
 .text.vTaskMissedYield
                0x000000000800214c        0xc FreeRTOS/tasks.o
                0x000000000800214c                vTaskMissedYield
 .text.xTaskGetSchedulerState
                0x0000000008002158       0x20 FreeRTOS/tasks.o
                0x0000000008002158                xTaskGetSchedulerState
 .text.xTaskPriorityDisinherit
                0x0000000008002178       0x6c FreeRTOS/tasks.o
                0x0000000008002178                xTaskPriorityDisinherit
 .text.prvCheckForValidListAndQueue
                0x00000000080021e4       0x5c FreeRTOS/timers.o
 .text.prvInsertTimerInActiveList
                0x0000000008002240       0x3c FreeRTOS/timers.o
 .text.xTimerCreateTimerTask
                0x000000000800227c       0x3c FreeRTOS/timers.o
                0x000000000800227c                xTimerCreateTimerTask
 .text.xTimerGenericCommand
                0x00000000080022b8       0x4c FreeRTOS/timers.o
                0x00000000080022b8                xTimerGenericCommand
 .text.prvSwitchTimerLists
                0x0000000008002304       0x6c FreeRTOS/timers.o
 .text.prvTimerTask
                0x0000000008002370      0x198 FreeRTOS/timers.o
 .text.prvTaskExitError
                0x0000000008002508       0x24 FreeRTOS/portable/GCC/ARM_CM0/port.o
 *fill*         0x000000000800252c        0x4 
 .text.vPortStartFirstTask
                0x0000000008002530       0x34 FreeRTOS/portable/GCC/ARM_CM0/port.o
 .text.pxPortInitialiseStack
                0x0000000008002564       0x20 FreeRTOS/portable/GCC/ARM_CM0/port.o
                0x0000000008002564                pxPortInitialiseStack
 .text.SVC_Handler
                0x0000000008002584        0x2 FreeRTOS/portable/GCC/ARM_CM0/port.o
                0x0000000008002584                SVC_Handler
 *fill*         0x0000000008002586        0x2 
 .text.vPortYield
                0x0000000008002588       0x18 FreeRTOS/portable/GCC/ARM_CM0/port.o
                0x0000000008002588                vPortYield
 .text.vPortEnterCritical
                0x00000000080025a0       0x18 FreeRTOS/portable/GCC/ARM_CM0/port.o
                0x00000000080025a0                vPortEnterCritical
 .text.vPortExitCritical
                0x00000000080025b8       0x1c FreeRTOS/portable/GCC/ARM_CM0/port.o
                0x00000000080025b8                vPortExitCritical
 .text.ulSetInterruptMaskFromISR
                0x00000000080025d4        0x8 FreeRTOS/portable/GCC/ARM_CM0/port.o
                0x00000000080025d4                ulSetInterruptMaskFromISR
 .text.vClearInterruptMaskFromISR
                0x00000000080025dc        0x6 FreeRTOS/portable/GCC/ARM_CM0/port.o
                0x00000000080025dc                vClearInterruptMaskFromISR
 *fill*         0x00000000080025e2        0xe 
 .text.PendSV_Handler
                0x00000000080025f0       0x44 FreeRTOS/portable/GCC/ARM_CM0/port.o
                0x00000000080025f0                PendSV_Handler
 .text.SysTick_Handler
                0x0000000008002634       0x24 FreeRTOS/portable/GCC/ARM_CM0/port.o
                0x0000000008002634                SysTick_Handler
 .text.vPortSetupTimerInterrupt
                0x0000000008002658       0x34 FreeRTOS/portable/GCC/ARM_CM0/port.o
                0x0000000008002658                vPortSetupTimerInterrupt
 .text.xPortStartScheduler
                0x000000000800268c       0x3c FreeRTOS/portable/GCC/ARM_CM0/port.o
                0x000000000800268c                xPortStartScheduler
 .text.prvInsertBlockIntoFreeList
                0x00000000080026c8       0x48 FreeRTOS/portable/MemMang/heap_4.o
 .text.pvPortMalloc
                0x0000000008002710      0x114 FreeRTOS/portable/MemMang/heap_4.o
                0x0000000008002710                pvPortMalloc
 .text.vPortFree
                0x0000000008002824       0x54 FreeRTOS/portable/MemMang/heap_4.o
                0x0000000008002824                vPortFree
 .text.__libc_init_array
                0x0000000008002878       0x48 /opt/st/stm32cubeide_1.6.0/plugins/com.st.stm32cube.ide.mcu.externaltools.gnu-tools-for-stm32.9-2020-q2-update.linux64_1.5.0.202011040924/tools/bin/../lib/gcc/arm-none-eabi/9.3.1/../../../../arm-none-eabi/lib/thumb/v6-m/nofp/libc_nano.a(lib_a-init.o)
                0x0000000008002878                __libc_init_array
 .text.memcpy   0x00000000080028c0       0x12 /opt/st/stm32cubeide_1.6.0/plugins/com.st.stm32cube.ide.mcu.externaltools.gnu-tools-for-stm32.9-2020-q2-update.linux64_1.5.0.202011040924/tools/bin/../lib/gcc/arm-none-eabi/9.3.1/../../../../arm-none-eabi/lib/thumb/v6-m/nofp/libc_nano.a(lib_a-memcpy-stub.o)
                0x00000000080028c0                memcpy
 .text.memset   0x00000000080028d2       0x10 /opt/st/stm32cubeide_1.6.0/plugins/com.st.stm32cube.ide.mcu.externaltools.gnu-tools-for-stm32.9-2020-q2-update.linux64_1.5.0.202011040924/tools/bin/../lib/gcc/arm-none-eabi/9.3.1/../../../../arm-none-eabi/lib/thumb/v6-m/nofp/libc_nano.a(lib_a-memset.o)
                0x00000000080028d2                memset
 *(.glue_7)
 .glue_7        0x00000000080028e2        0x0 linker stubs
 *(.glue_7t)
 .glue_7t       0x00000000080028e2        0x0 linker stubs
 *(.eh_frame)
 *fill*         0x00000000080028e2        0x2 
 .eh_frame      0x00000000080028e4        0x0 /opt/st/stm32cubeide_1.6.0/plugins/com.st.stm32cube.ide.mcu.externaltools.gnu-tools-for-stm32.9-2020-q2-update.linux64_1.5.0.202011040924/tools/bin/../lib/gcc/arm-none-eabi/9.3.1/thumb/v6-m/nofp/crtbegin.o
 *(.init)
 .init          0x00000000080028e4        0x4 /opt/st/stm32cubeide_1.6.0/plugins/com.st.stm32cube.ide.mcu.externaltools.gnu-tools-for-stm32.9-2020-q2-update.linux64_1.5.0.202011040924/tools/bin/../lib/gcc/arm-none-eabi/9.3.1/thumb/v6-m/nofp/crti.o
                0x00000000080028e4                _init
 .init          0x00000000080028e8        0x8 /opt/st/stm32cubeide_1.6.0/plugins/com.st.stm32cube.ide.mcu.externaltools.gnu-tools-for-stm32.9-2020-q2-update.linux64_1.5.0.202011040924/tools/bin/../lib/gcc/arm-none-eabi/9.3.1/thumb/v6-m/nofp/crtn.o
 *(.fini)
 .fini          0x00000000080028f0        0x4 /opt/st/stm32cubeide_1.6.0/plugins/com.st.stm32cube.ide.mcu.externaltools.gnu-tools-for-stm32.9-2020-q2-update.linux64_1.5.0.202011040924/tools/bin/../lib/gcc/arm-none-eabi/9.3.1/thumb/v6-m/nofp/crti.o
                0x00000000080028f0                _fini
 .fini          0x00000000080028f4        0x8 /opt/st/stm32cubeide_1.6.0/plugins/com.st.stm32cube.ide.mcu.externaltools.gnu-tools-for-stm32.9-2020-q2-update.linux64_1.5.0.202011040924/tools/bin/../lib/gcc/arm-none-eabi/9.3.1/thumb/v6-m/nofp/crtn.o
                0x00000000080028fc                . = ALIGN (0x4)
                0x00000000080028fc                _etext = .

.vfp11_veneer   0x00000000080028fc        0x0
 .vfp11_veneer  0x00000000080028fc        0x0 linker stubs

.v4_bx          0x00000000080028fc        0x0
 .v4_bx         0x00000000080028fc        0x0 linker stubs

.iplt           0x00000000080028fc        0x0
 .iplt          0x00000000080028fc        0x0 /opt/st/stm32cubeide_1.6.0/plugins/com.st.stm32cube.ide.mcu.externaltools.gnu-tools-for-stm32.9-2020-q2-update.linux64_1.5.0.202011040924/tools/bin/../lib/gcc/arm-none-eabi/9.3.1/thumb/v6-m/nofp/crtbegin.o

.rodata         0x00000000080028fc       0x58
                0x00000000080028fc                . = ALIGN (0x4)
 *(.rodata)
 *(.rodata*)
 .rodata.main.str1.1
                0x00000000080028fc        0xc Core/Src/main.o
 .rodata.AHBPrescTable
                0x0000000008002908       0x10 Core/Src/system_stm32f0xx.o
                0x0000000008002908                AHBPrescTable
 .rodata.APBPrescTable
                0x0000000008002918        0x8 Core/Src/system_stm32f0xx.o
                0x0000000008002918                APBPrescTable
 .rodata.HAL_RCC_GetSysClockFreq.str1.1
                0x0000000008002920       0x22 Drivers/STM32F0xx_HAL_Driver/Src/stm32f0xx_hal_rcc.o
 .rodata.vTaskStartScheduler.str1.1
                0x0000000008002942        0x5 FreeRTOS/tasks.o
 .rodata.prvCheckForValidListAndQueue.str1.1
                0x0000000008002947        0x5 FreeRTOS/timers.o
 .rodata.xTimerCreateTimerTask.str1.1
                0x000000000800294c        0x8 FreeRTOS/timers.o
                0x0000000008002954                . = ALIGN (0x4)

.rel.dyn        0x0000000008002954        0x0
 .rel.iplt      0x0000000008002954        0x0 /opt/st/stm32cubeide_1.6.0/plugins/com.st.stm32cube.ide.mcu.externaltools.gnu-tools-for-stm32.9-2020-q2-update.linux64_1.5.0.202011040924/tools/bin/../lib/gcc/arm-none-eabi/9.3.1/thumb/v6-m/nofp/crtbegin.o

.ARM.extab      0x0000000008002954        0x0
                0x0000000008002954                . = ALIGN (0x4)
 *(.ARM.extab* .gnu.linkonce.armextab.*)
                0x0000000008002954                . = ALIGN (0x4)

.ARM            0x0000000008002954        0x0
                0x0000000008002954                . = ALIGN (0x4)
                0x0000000008002954                __exidx_start = .
 *(.ARM.exidx*)
                0x0000000008002954                __exidx_end = .
                0x0000000008002954                . = ALIGN (0x4)

.preinit_array  0x0000000008002954        0x0
                0x0000000008002954                . = ALIGN (0x4)
                0x0000000008002954                PROVIDE (__preinit_array_start = .)
 *(.preinit_array*)
                0x0000000008002954                PROVIDE (__preinit_array_end = .)
                0x0000000008002954                . = ALIGN (0x4)

.init_array     0x0000000008002954        0x4
                0x0000000008002954                . = ALIGN (0x4)
                0x0000000008002954                PROVIDE (__init_array_start = .)
 *(SORT_BY_NAME(.init_array.*))
 *(.init_array*)
 .init_array    0x0000000008002954        0x4 /opt/st/stm32cubeide_1.6.0/plugins/com.st.stm32cube.ide.mcu.externaltools.gnu-tools-for-stm32.9-2020-q2-update.linux64_1.5.0.202011040924/tools/bin/../lib/gcc/arm-none-eabi/9.3.1/thumb/v6-m/nofp/crtbegin.o
                0x0000000008002958                PROVIDE (__init_array_end = .)
                0x0000000008002958                . = ALIGN (0x4)

.fini_array     0x0000000008002958        0x4
                0x0000000008002958                . = ALIGN (0x4)
                [!provide]                        PROVIDE (__fini_array_start = .)
 *(SORT_BY_NAME(.fini_array.*))
 *(.fini_array*)
 .fini_array    0x0000000008002958        0x4 /opt/st/stm32cubeide_1.6.0/plugins/com.st.stm32cube.ide.mcu.externaltools.gnu-tools-for-stm32.9-2020-q2-update.linux64_1.5.0.202011040924/tools/bin/../lib/gcc/arm-none-eabi/9.3.1/thumb/v6-m/nofp/crtbegin.o
                [!provide]                        PROVIDE (__fini_array_end = .)
                0x000000000800295c                . = ALIGN (0x4)
                0x000000000800295c                _sidata = LOADADDR (.data)

.data           0x0000000020000000       0x10 load address 0x000000000800295c
                0x0000000020000000                . = ALIGN (0x4)
                0x0000000020000000                _sdata = .
 *(.data)
 *(.data*)
 .data.SystemCoreClock
                0x0000000020000000        0x4 Core/Src/system_stm32f0xx.o
                0x0000000020000000                SystemCoreClock
 .data.uwTickFreq
                0x0000000020000004        0x1 Drivers/STM32F0xx_HAL_Driver/Src/stm32f0xx_hal.o
                0x0000000020000004                uwTickFreq
 *fill*         0x0000000020000005        0x3 
 .data.uxTopUsedPriority
                0x0000000020000008        0x4 FreeRTOS/tasks.o
                0x0000000020000008                uxTopUsedPriority
 .data.uxCriticalNesting
                0x000000002000000c        0x4 FreeRTOS/portable/GCC/ARM_CM0/port.o
 *(.RamFunc)
 *(.RamFunc*)
                0x0000000020000010                . = ALIGN (0x4)
                0x0000000020000010                _edata = .

.igot.plt       0x0000000020000010        0x0 load address 0x000000000800296c
 .igot.plt      0x0000000020000010        0x0 /opt/st/stm32cubeide_1.6.0/plugins/com.st.stm32cube.ide.mcu.externaltools.gnu-tools-for-stm32.9-2020-q2-update.linux64_1.5.0.202011040924/tools/bin/../lib/gcc/arm-none-eabi/9.3.1/thumb/v6-m/nofp/crtbegin.o
                0x0000000020000010                . = ALIGN (0x4)

.bss            0x0000000020000010      0x890 load address 0x000000000800296c
                0x0000000020000010                _sbss = .
                0x0000000020000010                __bss_start__ = _sbss
 *(.bss)
 .bss           0x0000000020000010       0x1c /opt/st/stm32cubeide_1.6.0/plugins/com.st.stm32cube.ide.mcu.externaltools.gnu-tools-for-stm32.9-2020-q2-update.linux64_1.5.0.202011040924/tools/bin/../lib/gcc/arm-none-eabi/9.3.1/thumb/v6-m/nofp/crtbegin.o
 *(.bss*)
 .bss.pxCurrentTCB
                0x000000002000002c        0x4 FreeRTOS/tasks.o
                0x000000002000002c                pxCurrentTCB
 .bss.pxDelayedTaskList
                0x0000000020000030        0x4 FreeRTOS/tasks.o
 .bss.pxOverflowDelayedTaskList
                0x0000000020000034        0x4 FreeRTOS/tasks.o
 .bss.pxReadyTasksLists
                0x0000000020000038       0x64 FreeRTOS/tasks.o
 .bss.uxCurrentNumberOfTasks
                0x000000002000009c        0x4 FreeRTOS/tasks.o
 .bss.uxDeletedTasksWaitingCleanUp
                0x00000000200000a0        0x4 FreeRTOS/tasks.o
 .bss.uxSchedulerSuspended
                0x00000000200000a4        0x4 FreeRTOS/tasks.o
 .bss.uxTaskNumber
                0x00000000200000a8        0x4 FreeRTOS/tasks.o
 .bss.uxTopReadyPriority
                0x00000000200000ac        0x4 FreeRTOS/tasks.o
 .bss.xDelayedTaskList1
                0x00000000200000b0       0x14 FreeRTOS/tasks.o
 .bss.xDelayedTaskList2
                0x00000000200000c4       0x14 FreeRTOS/tasks.o
 .bss.xIdleTaskHandle
                0x00000000200000d8        0x4 FreeRTOS/tasks.o
 .bss.xNextTaskUnblockTime
                0x00000000200000dc        0x4 FreeRTOS/tasks.o
 .bss.xNumOfOverflows
                0x00000000200000e0        0x4 FreeRTOS/tasks.o
 .bss.xPendedTicks
                0x00000000200000e4        0x4 FreeRTOS/tasks.o
 .bss.xPendingReadyList
                0x00000000200000e8       0x14 FreeRTOS/tasks.o
 .bss.xSchedulerRunning
                0x00000000200000fc        0x4 FreeRTOS/tasks.o
 .bss.xSuspendedTaskList
                0x0000000020000100       0x14 FreeRTOS/tasks.o
 .bss.xTasksWaitingTermination
                0x0000000020000114       0x14 FreeRTOS/tasks.o
 .bss.xTickCount
                0x0000000020000128        0x4 FreeRTOS/tasks.o
 .bss.xYieldPending
                0x000000002000012c        0x4 FreeRTOS/tasks.o
 .bss.pxCurrentTimerList
                0x0000000020000130        0x4 FreeRTOS/timers.o
 .bss.pxOverflowTimerList
                0x0000000020000134        0x4 FreeRTOS/timers.o
 .bss.xActiveTimerList1
                0x0000000020000138       0x14 FreeRTOS/timers.o
 .bss.xActiveTimerList2
                0x000000002000014c       0x14 FreeRTOS/timers.o
 .bss.xLastTime.5512
                0x0000000020000160        0x4 FreeRTOS/timers.o
 .bss.xTimerQueue
                0x0000000020000164        0x4 FreeRTOS/timers.o
 .bss.xTimerTaskHandle
                0x0000000020000168        0x4 FreeRTOS/timers.o
 .bss.pxEnd     0x000000002000016c        0x4 FreeRTOS/portable/MemMang/heap_4.o
 .bss.ucHeap    0x0000000020000170      0x5dc FreeRTOS/portable/MemMang/heap_4.o
 .bss.xBlockAllocatedBit
                0x000000002000074c        0x4 FreeRTOS/portable/MemMang/heap_4.o
 .bss.xFreeBytesRemaining
                0x0000000020000750        0x4 FreeRTOS/portable/MemMang/heap_4.o
 .bss.xMinimumEverFreeBytesRemaining
                0x0000000020000754        0x4 FreeRTOS/portable/MemMang/heap_4.o
 .bss.xNumberOfSuccessfulAllocations
                0x0000000020000758        0x4 FreeRTOS/portable/MemMang/heap_4.o
 .bss.xNumberOfSuccessfulFrees
                0x000000002000075c        0x4 FreeRTOS/portable/MemMang/heap_4.o
 .bss.xStart    0x0000000020000760        0x8 FreeRTOS/portable/MemMang/heap_4.o
 *(COMMON)
 COMMON         0x0000000020000768       0xac Core/Src/main.o
                0x0000000020000768                ws2812_task_handle
                0x000000002000076c                hspi1
                0x00000000200007d0                hdma_spi1_tx
 COMMON         0x0000000020000814       0x48 Core/Src/stm32f0xx_hal_timebase_tim.o
                0x0000000020000814                htim14
 COMMON         0x000000002000085c        0x4 Drivers/STM32F0xx_HAL_Driver/Src/stm32f0xx_hal.o
                0x000000002000085c                uwTick
 COMMON         0x0000000020000860       0x40 FreeRTOS/queue.o
                0x0000000020000860                xQueueRegistry
                0x00000000200008a0                . = ALIGN (0x4)
                0x00000000200008a0                _ebss = .
                0x00000000200008a0                __bss_end__ = _ebss

._user_heap_stack
                0x00000000200008a0      0x600 load address 0x000000000800296c
                0x00000000200008a0                . = ALIGN (0x8)
                [!provide]                        PROVIDE (end = .)
                [!provide]                        PROVIDE (_end = .)
                0x0000000020000aa0                . = (. + _Min_Heap_Size)
 *fill*         0x00000000200008a0      0x200 
                0x0000000020000ea0                . = (. + _Min_Stack_Size)
 *fill*         0x0000000020000aa0      0x400 
                0x0000000020000ea0                . = ALIGN (0x8)

/DISCARD/
 libc.a(*)
 libm.a(*)
 libgcc.a(*)

.ARM.attributes
                0x0000000000000000       0x28
 *(.ARM.attributes)
 .ARM.attributes
                0x0000000000000000       0x1e /opt/st/stm32cubeide_1.6.0/plugins/com.st.stm32cube.ide.mcu.externaltools.gnu-tools-for-stm32.9-2020-q2-update.linux64_1.5.0.202011040924/tools/bin/../lib/gcc/arm-none-eabi/9.3.1/thumb/v6-m/nofp/crti.o
 .ARM.attributes
                0x000000000000001e       0x2c /opt/st/stm32cubeide_1.6.0/plugins/com.st.stm32cube.ide.mcu.externaltools.gnu-tools-for-stm32.9-2020-q2-update.linux64_1.5.0.202011040924/tools/bin/../lib/gcc/arm-none-eabi/9.3.1/thumb/v6-m/nofp/crtbegin.o
 .ARM.attributes
                0x000000000000004a       0x2c Core/Src/main.o
 .ARM.attributes
                0x0000000000000076       0x2c Core/Src/stm32f0xx_hal_msp.o
 .ARM.attributes
                0x00000000000000a2       0x2c Core/Src/stm32f0xx_hal_timebase_tim.o
 .ARM.attributes
                0x00000000000000ce       0x2c Core/Src/stm32f0xx_it.o
 .ARM.attributes
                0x00000000000000fa       0x2c Core/Src/system_stm32f0xx.o
 .ARM.attributes
                0x0000000000000126       0x2c Core/Src/ws2812_task.o
 .ARM.attributes
                0x0000000000000152       0x21 Core/Startup/startup_stm32f030f4px.o
 .ARM.attributes
                0x0000000000000173       0x2c Drivers/STM32F0xx_HAL_Driver/Src/stm32f0xx_hal.o
 .ARM.attributes
                0x000000000000019f       0x2c Drivers/STM32F0xx_HAL_Driver/Src/stm32f0xx_hal_cortex.o
 .ARM.attributes
                0x00000000000001cb       0x2c Drivers/STM32F0xx_HAL_Driver/Src/stm32f0xx_hal_dma.o
 .ARM.attributes
                0x00000000000001f7       0x2c Drivers/STM32F0xx_HAL_Driver/Src/stm32f0xx_hal_gpio.o
 .ARM.attributes
                0x0000000000000223       0x2c Drivers/STM32F0xx_HAL_Driver/Src/stm32f0xx_hal_rcc.o
 .ARM.attributes
                0x000000000000024f       0x2c Drivers/STM32F0xx_HAL_Driver/Src/stm32f0xx_hal_spi.o
 .ARM.attributes
                0x000000000000027b       0x2c Drivers/STM32F0xx_HAL_Driver/Src/stm32f0xx_hal_tim.o
 .ARM.attributes
                0x00000000000002a7       0x2c Drivers/STM32F0xx_HAL_Driver/Src/stm32f0xx_hal_tim_ex.o
 .ARM.attributes
                0x00000000000002d3       0x2c FreeRTOS/list.o
 .ARM.attributes
                0x00000000000002ff       0x2c FreeRTOS/queue.o
 .ARM.attributes
                0x000000000000032b       0x2c FreeRTOS/tasks.o
 .ARM.attributes
                0x0000000000000357       0x2c FreeRTOS/timers.o
 .ARM.attributes
                0x0000000000000383       0x2c FreeRTOS/portable/GCC/ARM_CM0/port.o
 .ARM.attributes
                0x00000000000003af       0x2c FreeRTOS/portable/MemMang/heap_4.o
 .ARM.attributes
                0x00000000000003db       0x2c /opt/st/stm32cubeide_1.6.0/plugins/com.st.stm32cube.ide.mcu.externaltools.gnu-tools-for-stm32.9-2020-q2-update.linux64_1.5.0.202011040924/tools/bin/../lib/gcc/arm-none-eabi/9.3.1/../../../../arm-none-eabi/lib/thumb/v6-m/nofp/libc_nano.a(lib_a-init.o)
 .ARM.attributes
                0x0000000000000407       0x2c /opt/st/stm32cubeide_1.6.0/plugins/com.st.stm32cube.ide.mcu.externaltools.gnu-tools-for-stm32.9-2020-q2-update.linux64_1.5.0.202011040924/tools/bin/../lib/gcc/arm-none-eabi/9.3.1/../../../../arm-none-eabi/lib/thumb/v6-m/nofp/libc_nano.a(lib_a-memcpy-stub.o)
 .ARM.attributes
                0x0000000000000433       0x2c /opt/st/stm32cubeide_1.6.0/plugins/com.st.stm32cube.ide.mcu.externaltools.gnu-tools-for-stm32.9-2020-q2-update.linux64_1.5.0.202011040924/tools/bin/../lib/gcc/arm-none-eabi/9.3.1/../../../../arm-none-eabi/lib/thumb/v6-m/nofp/libc_nano.a(lib_a-memset.o)
 .ARM.attributes
                0x000000000000045f       0x1e /opt/st/stm32cubeide_1.6.0/plugins/com.st.stm32cube.ide.mcu.externaltools.gnu-tools-for-stm32.9-2020-q2-update.linux64_1.5.0.202011040924/tools/bin/../lib/gcc/arm-none-eabi/9.3.1/thumb/v6-m/nofp/libgcc.a(_thumb1_case_sqi.o)
 .ARM.attributes
                0x000000000000047d       0x1e /opt/st/stm32cubeide_1.6.0/plugins/com.st.stm32cube.ide.mcu.externaltools.gnu-tools-for-stm32.9-2020-q2-update.linux64_1.5.0.202011040924/tools/bin/../lib/gcc/arm-none-eabi/9.3.1/thumb/v6-m/nofp/libgcc.a(_udivsi3.o)
 .ARM.attributes
                0x000000000000049b       0x1e /opt/st/stm32cubeide_1.6.0/plugins/com.st.stm32cube.ide.mcu.externaltools.gnu-tools-for-stm32.9-2020-q2-update.linux64_1.5.0.202011040924/tools/bin/../lib/gcc/arm-none-eabi/9.3.1/thumb/v6-m/nofp/libgcc.a(_dvmd_tls.o)
 .ARM.attributes
                0x00000000000004b9       0x1e /opt/st/stm32cubeide_1.6.0/plugins/com.st.stm32cube.ide.mcu.externaltools.gnu-tools-for-stm32.9-2020-q2-update.linux64_1.5.0.202011040924/tools/bin/../lib/gcc/arm-none-eabi/9.3.1/thumb/v6-m/nofp/crtn.o
OUTPUT(controladora_ws2812_cortexM0.elf elf32-littlearm)
LOAD linker stubs
LOAD /opt/st/stm32cubeide_1.6.0/plugins/com.st.stm32cube.ide.mcu.externaltools.gnu-tools-for-stm32.9-2020-q2-update.linux64_1.5.0.202011040924/tools/bin/../lib/gcc/arm-none-eabi/9.3.1/../../../../arm-none-eabi/lib/thumb/v6-m/nofp/libc.a
LOAD /opt/st/stm32cubeide_1.6.0/plugins/com.st.stm32cube.ide.mcu.externaltools.gnu-tools-for-stm32.9-2020-q2-update.linux64_1.5.0.202011040924/tools/bin/../lib/gcc/arm-none-eabi/9.3.1/../../../../arm-none-eabi/lib/thumb/v6-m/nofp/libm.a
LOAD /opt/st/stm32cubeide_1.6.0/plugins/com.st.stm32cube.ide.mcu.externaltools.gnu-tools-for-stm32.9-2020-q2-update.linux64_1.5.0.202011040924/tools/bin/../lib/gcc/arm-none-eabi/9.3.1/thumb/v6-m/nofp/libgcc.a

.debug_info     0x0000000000000000    0x1744c
 .debug_info    0x0000000000000000     0x1029 Core/Src/main.o
 .debug_info    0x0000000000001029      0x9fc Core/Src/stm32f0xx_hal_msp.o
 .debug_info    0x0000000000001a25      0xa52 Core/Src/stm32f0xx_hal_timebase_tim.o
 .debug_info    0x0000000000002477      0x75e Core/Src/stm32f0xx_it.o
 .debug_info    0x0000000000002bd5      0x2d7 Core/Src/system_stm32f0xx.o
 .debug_info    0x0000000000002eac      0x6ca Core/Src/ws2812_task.o
 .debug_info    0x0000000000003576       0x22 Core/Startup/startup_stm32f030f4px.o
 .debug_info    0x0000000000003598      0x79b Drivers/STM32F0xx_HAL_Driver/Src/stm32f0xx_hal.o
 .debug_info    0x0000000000003d33      0x949 Drivers/STM32F0xx_HAL_Driver/Src/stm32f0xx_hal_cortex.o
 .debug_info    0x000000000000467c      0x970 Drivers/STM32F0xx_HAL_Driver/Src/stm32f0xx_hal_dma.o
 .debug_info    0x0000000000004fec      0x715 Drivers/STM32F0xx_HAL_Driver/Src/stm32f0xx_hal_gpio.o
 .debug_info    0x0000000000005701      0xb03 Drivers/STM32F0xx_HAL_Driver/Src/stm32f0xx_hal_rcc.o
 .debug_info    0x0000000000006204     0x238d Drivers/STM32F0xx_HAL_Driver/Src/stm32f0xx_hal_spi.o
 .debug_info    0x0000000000008591     0x4256 Drivers/STM32F0xx_HAL_Driver/Src/stm32f0xx_hal_tim.o
 .debug_info    0x000000000000c7e7     0x1956 Drivers/STM32F0xx_HAL_Driver/Src/stm32f0xx_hal_tim_ex.o
 .debug_info    0x000000000000e13d      0xb95 FreeRTOS/list.o
 .debug_info    0x000000000000ecd2     0x27a4 FreeRTOS/queue.o
 .debug_info    0x0000000000011476     0x33ff FreeRTOS/tasks.o
 .debug_info    0x0000000000014875     0x1ad5 FreeRTOS/timers.o
 .debug_info    0x000000000001634a      0x2ff FreeRTOS/portable/GCC/ARM_CM0/port.o
 .debug_info    0x0000000000016649      0xe03 FreeRTOS/portable/MemMang/heap_4.o

.debug_abbrev   0x0000000000000000     0x360a
 .debug_abbrev  0x0000000000000000      0x2f7 Core/Src/main.o
 .debug_abbrev  0x00000000000002f7      0x1ec Core/Src/stm32f0xx_hal_msp.o
 .debug_abbrev  0x00000000000004e3      0x23e Core/Src/stm32f0xx_hal_timebase_tim.o
 .debug_abbrev  0x0000000000000721      0x1a7 Core/Src/stm32f0xx_it.o
 .debug_abbrev  0x00000000000008c8      0x14b Core/Src/system_stm32f0xx.o
 .debug_abbrev  0x0000000000000a13      0x1ba Core/Src/ws2812_task.o
 .debug_abbrev  0x0000000000000bcd       0x12 Core/Startup/startup_stm32f030f4px.o
 .debug_abbrev  0x0000000000000bdf      0x2af Drivers/STM32F0xx_HAL_Driver/Src/stm32f0xx_hal.o
 .debug_abbrev  0x0000000000000e8e      0x2ab Drivers/STM32F0xx_HAL_Driver/Src/stm32f0xx_hal_cortex.o
 .debug_abbrev  0x0000000000001139      0x261 Drivers/STM32F0xx_HAL_Driver/Src/stm32f0xx_hal_dma.o
 .debug_abbrev  0x000000000000139a      0x214 Drivers/STM32F0xx_HAL_Driver/Src/stm32f0xx_hal_gpio.o
 .debug_abbrev  0x00000000000015ae      0x2b1 Drivers/STM32F0xx_HAL_Driver/Src/stm32f0xx_hal_rcc.o
 .debug_abbrev  0x000000000000185f      0x383 Drivers/STM32F0xx_HAL_Driver/Src/stm32f0xx_hal_spi.o
 .debug_abbrev  0x0000000000001be2      0x3a1 Drivers/STM32F0xx_HAL_Driver/Src/stm32f0xx_hal_tim.o
 .debug_abbrev  0x0000000000001f83      0x2f8 Drivers/STM32F0xx_HAL_Driver/Src/stm32f0xx_hal_tim_ex.o
 .debug_abbrev  0x000000000000227b      0x20e FreeRTOS/list.o
 .debug_abbrev  0x0000000000002489      0x3f1 FreeRTOS/queue.o
 .debug_abbrev  0x000000000000287a      0x4c9 FreeRTOS/tasks.o
 .debug_abbrev  0x0000000000002d43      0x3b4 FreeRTOS/timers.o
 .debug_abbrev  0x00000000000030f7      0x1dc FreeRTOS/portable/GCC/ARM_CM0/port.o
 .debug_abbrev  0x00000000000032d3      0x337 FreeRTOS/portable/MemMang/heap_4.o

.debug_loc      0x0000000000000000     0xed12
 .debug_loc     0x0000000000000000       0x3a Core/Src/main.o
 .debug_loc     0x000000000000003a       0x64 Core/Src/stm32f0xx_hal_msp.o
 .debug_loc     0x000000000000009e       0x88 Core/Src/stm32f0xx_hal_timebase_tim.o
 .debug_loc     0x0000000000000126      0x14d Core/Src/system_stm32f0xx.o
 .debug_loc     0x0000000000000273       0x25 Core/Src/ws2812_task.o
 .debug_loc     0x0000000000000298      0x10d Drivers/STM32F0xx_HAL_Driver/Src/stm32f0xx_hal.o
 .debug_loc     0x00000000000003a5      0x44f Drivers/STM32F0xx_HAL_Driver/Src/stm32f0xx_hal_cortex.o
 .debug_loc     0x00000000000007f4      0x86b Drivers/STM32F0xx_HAL_Driver/Src/stm32f0xx_hal_dma.o
 .debug_loc     0x000000000000105f      0x381 Drivers/STM32F0xx_HAL_Driver/Src/stm32f0xx_hal_gpio.o
 .debug_loc     0x00000000000013e0      0x5ba Drivers/STM32F0xx_HAL_Driver/Src/stm32f0xx_hal_rcc.o
 .debug_loc     0x000000000000199a     0x1ef9 Drivers/STM32F0xx_HAL_Driver/Src/stm32f0xx_hal_spi.o
 .debug_loc     0x0000000000003893     0x53d4 Drivers/STM32F0xx_HAL_Driver/Src/stm32f0xx_hal_tim.o
 .debug_loc     0x0000000000008c67     0x1673 Drivers/STM32F0xx_HAL_Driver/Src/stm32f0xx_hal_tim_ex.o
 .debug_loc     0x000000000000a2da       0xca FreeRTOS/list.o
 .debug_loc     0x000000000000a3a4     0x1ac3 FreeRTOS/queue.o
 .debug_loc     0x000000000000be67     0x1e4b FreeRTOS/tasks.o
 .debug_loc     0x000000000000dcb2      0xb81 FreeRTOS/timers.o
 .debug_loc     0x000000000000e833       0xce FreeRTOS/portable/GCC/ARM_CM0/port.o
 .debug_loc     0x000000000000e901      0x411 FreeRTOS/portable/MemMang/heap_4.o

.debug_aranges  0x0000000000000000      0xd98
 .debug_aranges
                0x0000000000000000       0x38 Core/Src/main.o
 .debug_aranges
                0x0000000000000038       0x30 Core/Src/stm32f0xx_hal_msp.o
 .debug_aranges
                0x0000000000000068       0x30 Core/Src/stm32f0xx_hal_timebase_tim.o
 .debug_aranges
                0x0000000000000098       0x38 Core/Src/stm32f0xx_it.o
 .debug_aranges
                0x00000000000000d0       0x28 Core/Src/system_stm32f0xx.o
 .debug_aranges
                0x00000000000000f8       0x20 Core/Src/ws2812_task.o
 .debug_aranges
                0x0000000000000118       0x28 Core/Startup/startup_stm32f030f4px.o
 .debug_aranges
                0x0000000000000140       0xc8 Drivers/STM32F0xx_HAL_Driver/Src/stm32f0xx_hal.o
 .debug_aranges
                0x0000000000000208       0x78 Drivers/STM32F0xx_HAL_Driver/Src/stm32f0xx_hal_cortex.o
 .debug_aranges
                0x0000000000000280       0x78 Drivers/STM32F0xx_HAL_Driver/Src/stm32f0xx_hal_dma.o
 .debug_aranges
                0x00000000000002f8       0x58 Drivers/STM32F0xx_HAL_Driver/Src/stm32f0xx_hal_gpio.o
 .debug_aranges
                0x0000000000000350       0x80 Drivers/STM32F0xx_HAL_Driver/Src/stm32f0xx_hal_rcc.o
 .debug_aranges
                0x00000000000003d0      0x190 Drivers/STM32F0xx_HAL_Driver/Src/stm32f0xx_hal_spi.o
 .debug_aranges
                0x0000000000000560      0x298 Drivers/STM32F0xx_HAL_Driver/Src/stm32f0xx_hal_tim.o
 .debug_aranges
                0x00000000000007f8      0x118 Drivers/STM32F0xx_HAL_Driver/Src/stm32f0xx_hal_tim_ex.o
 .debug_aranges
                0x0000000000000910       0x40 FreeRTOS/list.o
 .debug_aranges
                0x0000000000000950      0x110 FreeRTOS/queue.o
 .debug_aranges
                0x0000000000000a60      0x1b8 FreeRTOS/tasks.o
 .debug_aranges
                0x0000000000000c18       0xa8 FreeRTOS/timers.o
 .debug_aranges
                0x0000000000000cc0       0x88 FreeRTOS/portable/GCC/ARM_CM0/port.o
 .debug_aranges
                0x0000000000000d48       0x50 FreeRTOS/portable/MemMang/heap_4.o

.debug_ranges   0x0000000000000000     0x16a0
 .debug_ranges  0x0000000000000000      0x100 Core/Src/main.o
 .debug_ranges  0x0000000000000100       0xc0 Core/Src/stm32f0xx_hal_msp.o
 .debug_ranges  0x00000000000001c0       0x40 Core/Src/stm32f0xx_hal_timebase_tim.o
 .debug_ranges  0x0000000000000200       0x28 Core/Src/stm32f0xx_it.o
 .debug_ranges  0x0000000000000228       0x18 Core/Src/system_stm32f0xx.o
 .debug_ranges  0x0000000000000240       0x10 Core/Src/ws2812_task.o
 .debug_ranges  0x0000000000000250       0x20 Core/Startup/startup_stm32f030f4px.o
 .debug_ranges  0x0000000000000270       0xb8 Drivers/STM32F0xx_HAL_Driver/Src/stm32f0xx_hal.o
 .debug_ranges  0x0000000000000328      0x100 Drivers/STM32F0xx_HAL_Driver/Src/stm32f0xx_hal_cortex.o
 .debug_ranges  0x0000000000000428       0xe8 Drivers/STM32F0xx_HAL_Driver/Src/stm32f0xx_hal_dma.o
 .debug_ranges  0x0000000000000510       0x70 Drivers/STM32F0xx_HAL_Driver/Src/stm32f0xx_hal_gpio.o
 .debug_ranges  0x0000000000000580       0xa0 Drivers/STM32F0xx_HAL_Driver/Src/stm32f0xx_hal_rcc.o
 .debug_ranges  0x0000000000000620      0x258 Drivers/STM32F0xx_HAL_Driver/Src/stm32f0xx_hal_spi.o
 .debug_ranges  0x0000000000000878      0x578 Drivers/STM32F0xx_HAL_Driver/Src/stm32f0xx_hal_tim.o
 .debug_ranges  0x0000000000000df0      0x108 Drivers/STM32F0xx_HAL_Driver/Src/stm32f0xx_hal_tim_ex.o
 .debug_ranges  0x0000000000000ef8       0x30 FreeRTOS/list.o
 .debug_ranges  0x0000000000000f28      0x268 FreeRTOS/queue.o
 .debug_ranges  0x0000000000001190      0x378 FreeRTOS/tasks.o
 .debug_ranges  0x0000000000001508       0xe0 FreeRTOS/timers.o
 .debug_ranges  0x00000000000015e8       0x78 FreeRTOS/portable/GCC/ARM_CM0/port.o
 .debug_ranges  0x0000000000001660       0x40 FreeRTOS/portable/MemMang/heap_4.o

.debug_macro    0x0000000000000000    0x10da2
 .debug_macro   0x0000000000000000      0x23e Core/Src/main.o
 .debug_macro   0x000000000000023e      0xa84 Core/Src/main.o
 .debug_macro   0x0000000000000cc2      0x133 Core/Src/main.o
 .debug_macro   0x0000000000000df5       0x2e Core/Src/main.o
 .debug_macro   0x0000000000000e23       0x22 Core/Src/main.o
 .debug_macro   0x0000000000000e45       0x22 Core/Src/main.o
 .debug_macro   0x0000000000000e67       0x8e Core/Src/main.o
 .debug_macro   0x0000000000000ef5       0x51 Core/Src/main.o
 .debug_macro   0x0000000000000f46      0x103 Core/Src/main.o
 .debug_macro   0x0000000000001049       0x6a Core/Src/main.o
 .debug_macro   0x00000000000010b3      0x1df Core/Src/main.o
 .debug_macro   0x0000000000001292       0x1c Core/Src/main.o
 .debug_macro   0x00000000000012ae       0x22 Core/Src/main.o
 .debug_macro   0x00000000000012d0       0xb5 Core/Src/main.o
 .debug_macro   0x0000000000001385      0x391 Core/Src/main.o
 .debug_macro   0x0000000000001716     0x6e67 Core/Src/main.o
 .debug_macro   0x000000000000857d       0x66 Core/Src/main.o
 .debug_macro   0x00000000000085e3     0x34a6 Core/Src/main.o
 .debug_macro   0x000000000000ba89      0x174 Core/Src/main.o
 .debug_macro   0x000000000000bbfd       0x55 Core/Src/main.o
 .debug_macro   0x000000000000bc52      0x924 Core/Src/main.o
 .debug_macro   0x000000000000c576       0xe5 Core/Src/main.o
 .debug_macro   0x000000000000c65b      0x1af Core/Src/main.o
 .debug_macro   0x000000000000c80a       0xb3 Core/Src/main.o
 .debug_macro   0x000000000000c8bd      0x1a0 Core/Src/main.o
 .debug_macro   0x000000000000ca5d      0x1ed Core/Src/main.o
 .debug_macro   0x000000000000cc4a       0x34 Core/Src/main.o
 .debug_macro   0x000000000000cc7e       0x43 Core/Src/main.o
 .debug_macro   0x000000000000ccc1       0x28 Core/Src/main.o
 .debug_macro   0x000000000000cce9       0xb0 Core/Src/main.o
 .debug_macro   0x000000000000cd99      0x15a Core/Src/main.o
 .debug_macro   0x000000000000cef3      0x22c Core/Src/main.o
 .debug_macro   0x000000000000d11f       0x61 Core/Src/main.o
 .debug_macro   0x000000000000d180       0xa5 Core/Src/main.o
 .debug_macro   0x000000000000d225       0x4c Core/Src/main.o
 .debug_macro   0x000000000000d271       0x2b Core/Src/main.o
 .debug_macro   0x000000000000d29c      0x2fe Core/Src/main.o
 .debug_macro   0x000000000000d59a      0x8d8 Core/Src/main.o
 .debug_macro   0x000000000000de72       0x28 Core/Src/main.o
 .debug_macro   0x000000000000de9a       0xf1 Core/Src/main.o
 .debug_macro   0x000000000000df8b       0xe8 Core/Src/main.o
 .debug_macro   0x000000000000e073      0x15a Core/Src/main.o
 .debug_macro   0x000000000000e1cd       0xb8 Core/Src/main.o
 .debug_macro   0x000000000000e285       0x1c Core/Src/main.o
 .debug_macro   0x000000000000e2a1       0x26 Core/Src/main.o
 .debug_macro   0x000000000000e2c7      0x50b Core/Src/main.o
 .debug_macro   0x000000000000e7d2       0xb5 Core/Src/main.o
 .debug_macro   0x000000000000e887      0x120 Core/Src/main.o
 .debug_macro   0x000000000000e9a7      0x1cc Core/Src/stm32f0xx_hal_msp.o
 .debug_macro   0x000000000000eb73      0x1c2 Core/Src/stm32f0xx_hal_timebase_tim.o
 .debug_macro   0x000000000000ed35      0x1d6 Core/Src/stm32f0xx_it.o
 .debug_macro   0x000000000000ef0b      0x1c2 Core/Src/system_stm32f0xx.o
 .debug_macro   0x000000000000f0cd      0x234 Core/Src/ws2812_task.o
 .debug_macro   0x000000000000f301      0x1e6 Drivers/STM32F0xx_HAL_Driver/Src/stm32f0xx_hal.o
 .debug_macro   0x000000000000f4e7      0x1c2 Drivers/STM32F0xx_HAL_Driver/Src/stm32f0xx_hal_cortex.o
 .debug_macro   0x000000000000f6a9      0x1c2 Drivers/STM32F0xx_HAL_Driver/Src/stm32f0xx_hal_dma.o
 .debug_macro   0x000000000000f86b      0x1c9 Drivers/STM32F0xx_HAL_Driver/Src/stm32f0xx_hal_gpio.o
 .debug_macro   0x000000000000fa34      0x1d4 Drivers/STM32F0xx_HAL_Driver/Src/stm32f0xx_hal_rcc.o
 .debug_macro   0x000000000000fc08      0x1ca Drivers/STM32F0xx_HAL_Driver/Src/stm32f0xx_hal_spi.o
 .debug_macro   0x000000000000fdd2      0x1c3 Drivers/STM32F0xx_HAL_Driver/Src/stm32f0xx_hal_tim.o
 .debug_macro   0x000000000000ff95      0x1c2 Drivers/STM32F0xx_HAL_Driver/Src/stm32f0xx_hal_tim_ex.o
 .debug_macro   0x0000000000010157      0x193 FreeRTOS/list.o
 .debug_macro   0x00000000000102ea      0x21c FreeRTOS/queue.o
 .debug_macro   0x0000000000010506       0x16 FreeRTOS/queue.o
 .debug_macro   0x000000000001051c       0x20 FreeRTOS/queue.o
 .debug_macro   0x000000000001053c       0x80 FreeRTOS/queue.o
 .debug_macro   0x00000000000105bc      0x27f FreeRTOS/tasks.o
 .debug_macro   0x000000000001083b       0x10 FreeRTOS/tasks.o
 .debug_macro   0x000000000001084b      0x1dc FreeRTOS/timers.o
 .debug_macro   0x0000000000010a27       0x97 FreeRTOS/timers.o
 .debug_macro   0x0000000000010abe      0x136 FreeRTOS/portable/GCC/ARM_CM0/port.o
 .debug_macro   0x0000000000010bf4      0x1ae FreeRTOS/portable/MemMang/heap_4.o

.debug_line     0x0000000000000000    0x17972
 .debug_line    0x0000000000000000      0xad3 Core/Src/main.o
 .debug_line    0x0000000000000ad3      0x7f3 Core/Src/stm32f0xx_hal_msp.o
 .debug_line    0x00000000000012c6      0x775 Core/Src/stm32f0xx_hal_timebase_tim.o
 .debug_line    0x0000000000001a3b      0x739 Core/Src/stm32f0xx_it.o
 .debug_line    0x0000000000002174      0x756 Core/Src/system_stm32f0xx.o
 .debug_line    0x00000000000028ca      0x867 Core/Src/ws2812_task.o
 .debug_line    0x0000000000003131       0x89 Core/Startup/startup_stm32f030f4px.o
 .debug_line    0x00000000000031ba      0xa25 Drivers/STM32F0xx_HAL_Driver/Src/stm32f0xx_hal.o
 .debug_line    0x0000000000003bdf      0xa32 Drivers/STM32F0xx_HAL_Driver/Src/stm32f0xx_hal_cortex.o
 .debug_line    0x0000000000004611      0xf8b Drivers/STM32F0xx_HAL_Driver/Src/stm32f0xx_hal_dma.o
 .debug_line    0x000000000000559c      0xb85 Drivers/STM32F0xx_HAL_Driver/Src/stm32f0xx_hal_gpio.o
 .debug_line    0x0000000000006121     0x1193 Drivers/STM32F0xx_HAL_Driver/Src/stm32f0xx_hal_rcc.o
 .debug_line    0x00000000000072b4     0x2db4 Drivers/STM32F0xx_HAL_Driver/Src/stm32f0xx_hal_spi.o
 .debug_line    0x000000000000a068     0x4af5 Drivers/STM32F0xx_HAL_Driver/Src/stm32f0xx_hal_tim.o
 .debug_line    0x000000000000eb5d     0x1b7a Drivers/STM32F0xx_HAL_Driver/Src/stm32f0xx_hal_tim_ex.o
 .debug_line    0x00000000000106d7      0x806 FreeRTOS/list.o
 .debug_line    0x0000000000010edd     0x1df3 FreeRTOS/queue.o
 .debug_line    0x0000000000012cd0     0x2a85 FreeRTOS/tasks.o
 .debug_line    0x0000000000015755      0xf76 FreeRTOS/timers.o
 .debug_line    0x00000000000166cb      0x7d4 FreeRTOS/portable/GCC/ARM_CM0/port.o
 .debug_line    0x0000000000016e9f      0xad3 FreeRTOS/portable/MemMang/heap_4.o

.debug_str      0x0000000000000000    0x69256
 .debug_str     0x0000000000000000    0x60199 Core/Src/main.o
                                      0x6056c (size before relaxing)
 .debug_str     0x0000000000060199       0xf5 Core/Src/stm32f0xx_hal_msp.o
                                      0x5b7bc (size before relaxing)
 .debug_str     0x000000000006028e       0xff Core/Src/stm32f0xx_hal_timebase_tim.o
                                      0x5ba1c (size before relaxing)
 .debug_str     0x000000000006038d       0x82 Core/Src/stm32f0xx_it.o
                                      0x5b79d (size before relaxing)
 .debug_str     0x000000000006040f       0x5f Core/Src/system_stm32f0xx.o
                                      0x5b2e0 (size before relaxing)
 .debug_str     0x000000000006046e       0x56 Core/Src/ws2812_task.o
                                      0x5fe7c (size before relaxing)
 .debug_str     0x00000000000604c4       0x36 Core/Startup/startup_stm32f030f4px.o
                                         0x7d (size before relaxing)
 .debug_str     0x00000000000604fa      0x2c0 Drivers/STM32F0xx_HAL_Driver/Src/stm32f0xx_hal.o
                                      0x5b7df (size before relaxing)
 .debug_str     0x00000000000607ba      0x1c9 Drivers/STM32F0xx_HAL_Driver/Src/stm32f0xx_hal_cortex.o
                                      0x5b66b (size before relaxing)
 .debug_str     0x0000000000060983      0x21e Drivers/STM32F0xx_HAL_Driver/Src/stm32f0xx_hal_dma.o
                                      0x5b6c4 (size before relaxing)
 .debug_str     0x0000000000060ba1      0x14f Drivers/STM32F0xx_HAL_Driver/Src/stm32f0xx_hal_gpio.o
                                      0x5b4bf (size before relaxing)
 .debug_str     0x0000000000060cf0      0x1f5 Drivers/STM32F0xx_HAL_Driver/Src/stm32f0xx_hal_rcc.o
                                      0x5b729 (size before relaxing)
 .debug_str     0x0000000000060ee5      0x55f Drivers/STM32F0xx_HAL_Driver/Src/stm32f0xx_hal_spi.o
                                      0x5bc66 (size before relaxing)
 .debug_str     0x0000000000061444      0xe19 Drivers/STM32F0xx_HAL_Driver/Src/stm32f0xx_hal_tim.o
                                      0x5c6ee (size before relaxing)
 .debug_str     0x000000000006225d      0x520 Drivers/STM32F0xx_HAL_Driver/Src/stm32f0xx_hal_tim_ex.o
                                      0x5beef (size before relaxing)
 .debug_str     0x000000000006277d     0x3380 FreeRTOS/list.o
                                       0xa914 (size before relaxing)
 .debug_str     0x0000000000065afd     0x11b0 FreeRTOS/queue.o
                                       0xcd58 (size before relaxing)
 .debug_str     0x0000000000066cad     0x1a2b FreeRTOS/tasks.o
                                       0xd948 (size before relaxing)
 .debug_str     0x00000000000686d8      0x4fc FreeRTOS/timers.o
                                       0xd0f5 (size before relaxing)
 .debug_str     0x0000000000068bd4      0x37d FreeRTOS/portable/GCC/ARM_CM0/port.o
                                       0x8bea (size before relaxing)
 .debug_str     0x0000000000068f51      0x305 FreeRTOS/portable/MemMang/heap_4.o
                                       0xbdb3 (size before relaxing)

.comment        0x0000000000000000       0x53
 .comment       0x0000000000000000       0x53 Core/Src/main.o
                                         0x54 (size before relaxing)
 .comment       0x0000000000000053       0x54 Core/Src/stm32f0xx_hal_msp.o
 .comment       0x0000000000000053       0x54 Core/Src/stm32f0xx_hal_timebase_tim.o
 .comment       0x0000000000000053       0x54 Core/Src/stm32f0xx_it.o
 .comment       0x0000000000000053       0x54 Core/Src/system_stm32f0xx.o
 .comment       0x0000000000000053       0x54 Core/Src/ws2812_task.o
 .comment       0x0000000000000053       0x54 Drivers/STM32F0xx_HAL_Driver/Src/stm32f0xx_hal.o
 .comment       0x0000000000000053       0x54 Drivers/STM32F0xx_HAL_Driver/Src/stm32f0xx_hal_cortex.o
 .comment       0x0000000000000053       0x54 Drivers/STM32F0xx_HAL_Driver/Src/stm32f0xx_hal_dma.o
 .comment       0x0000000000000053       0x54 Drivers/STM32F0xx_HAL_Driver/Src/stm32f0xx_hal_gpio.o
 .comment       0x0000000000000053       0x54 Drivers/STM32F0xx_HAL_Driver/Src/stm32f0xx_hal_rcc.o
 .comment       0x0000000000000053       0x54 Drivers/STM32F0xx_HAL_Driver/Src/stm32f0xx_hal_spi.o
 .comment       0x0000000000000053       0x54 Drivers/STM32F0xx_HAL_Driver/Src/stm32f0xx_hal_tim.o
 .comment       0x0000000000000053       0x54 Drivers/STM32F0xx_HAL_Driver/Src/stm32f0xx_hal_tim_ex.o
 .comment       0x0000000000000053       0x54 FreeRTOS/list.o
 .comment       0x0000000000000053       0x54 FreeRTOS/queue.o
 .comment       0x0000000000000053       0x54 FreeRTOS/tasks.o
 .comment       0x0000000000000053       0x54 FreeRTOS/timers.o
 .comment       0x0000000000000053       0x54 FreeRTOS/portable/GCC/ARM_CM0/port.o
 .comment       0x0000000000000053       0x54 FreeRTOS/portable/MemMang/heap_4.o

.debug_frame    0x0000000000000000     0x2998
 .debug_frame   0x0000000000000000       0x78 Core/Src/main.o
 .debug_frame   0x0000000000000078       0x5c Core/Src/stm32f0xx_hal_msp.o
 .debug_frame   0x00000000000000d4       0x4c Core/Src/stm32f0xx_hal_timebase_tim.o
 .debug_frame   0x0000000000000120       0x60 Core/Src/stm32f0xx_it.o
 .debug_frame   0x0000000000000180       0x3c Core/Src/system_stm32f0xx.o
 .debug_frame   0x00000000000001bc       0x2c Core/Src/ws2812_task.o
 .debug_frame   0x00000000000001e8      0x1b4 Drivers/STM32F0xx_HAL_Driver/Src/stm32f0xx_hal.o
 .debug_frame   0x000000000000039c       0xe4 Drivers/STM32F0xx_HAL_Driver/Src/stm32f0xx_hal_cortex.o
 .debug_frame   0x0000000000000480      0x160 Drivers/STM32F0xx_HAL_Driver/Src/stm32f0xx_hal_dma.o
 .debug_frame   0x00000000000005e0       0xbc Drivers/STM32F0xx_HAL_Driver/Src/stm32f0xx_hal_gpio.o
 .debug_frame   0x000000000000069c      0x14c Drivers/STM32F0xx_HAL_Driver/Src/stm32f0xx_hal_rcc.o
 .debug_frame   0x00000000000007e8      0x5b8 Drivers/STM32F0xx_HAL_Driver/Src/stm32f0xx_hal_spi.o
 .debug_frame   0x0000000000000da0      0xab4 Drivers/STM32F0xx_HAL_Driver/Src/stm32f0xx_hal_tim.o
 .debug_frame   0x0000000000001854      0x42c Drivers/STM32F0xx_HAL_Driver/Src/stm32f0xx_hal_tim_ex.o
 .debug_frame   0x0000000000001c80       0x6c FreeRTOS/list.o
 .debug_frame   0x0000000000001cec      0x330 FreeRTOS/queue.o
 .debug_frame   0x000000000000201c      0x558 FreeRTOS/tasks.o
 .debug_frame   0x0000000000002574      0x1cc FreeRTOS/timers.o
 .debug_frame   0x0000000000002740      0x114 FreeRTOS/portable/GCC/ARM_CM0/port.o
 .debug_frame   0x0000000000002854       0xb0 FreeRTOS/portable/MemMang/heap_4.o
 .debug_frame   0x0000000000002904       0x2c /opt/st/stm32cubeide_1.6.0/plugins/com.st.stm32cube.ide.mcu.externaltools.gnu-tools-for-stm32.9-2020-q2-update.linux64_1.5.0.202011040924/tools/bin/../lib/gcc/arm-none-eabi/9.3.1/../../../../arm-none-eabi/lib/thumb/v6-m/nofp/libc_nano.a(lib_a-init.o)
 .debug_frame   0x0000000000002930       0x28 /opt/st/stm32cubeide_1.6.0/plugins/com.st.stm32cube.ide.mcu.externaltools.gnu-tools-for-stm32.9-2020-q2-update.linux64_1.5.0.202011040924/tools/bin/../lib/gcc/arm-none-eabi/9.3.1/../../../../arm-none-eabi/lib/thumb/v6-m/nofp/libc_nano.a(lib_a-memcpy-stub.o)
 .debug_frame   0x0000000000002958       0x20 /opt/st/stm32cubeide_1.6.0/plugins/com.st.stm32cube.ide.mcu.externaltools.gnu-tools-for-stm32.9-2020-q2-update.linux64_1.5.0.202011040924/tools/bin/../lib/gcc/arm-none-eabi/9.3.1/../../../../arm-none-eabi/lib/thumb/v6-m/nofp/libc_nano.a(lib_a-memset.o)
 .debug_frame   0x0000000000002978       0x20 /opt/st/stm32cubeide_1.6.0/plugins/com.st.stm32cube.ide.mcu.externaltools.gnu-tools-for-stm32.9-2020-q2-update.linux64_1.5.0.202011040924/tools/bin/../lib/gcc/arm-none-eabi/9.3.1/thumb/v6-m/nofp/libgcc.a(_udivsi3.o)
