event_groups.c:146:24:xEventGroupCreate	8	static
event_groups.c:315:13:xEventGroupWaitBits	32	static,ignoring_inline_asm
event_groups.c:471:13:xEventGroupClearBits	16	static,ignoring_inline_asm
event_groups.c:515:13:xEventGroupGetBitsFromISR	8	static
event_groups.c:531:13:xEventGroupSetBits	32	static,ignoring_inline_asm
event_groups.c:192:13:xEventGroupSync	32	static,ignoring_inline_asm
event_groups.c:626:6:vEventGroupDelete	16	static,ignoring_inline_asm
event_groups.c:670:6:vEventGroupSetBitsCallback	8	static
event_groups.c:679:6:vEventGroupClearBitsCallback	8	static
event_groups.c:742:17:uxEventGroupGetNumber	0	static
event_groups.c:764:10:vEventGroupSetNumber	0	static
