queue.c:2350:19:prvIsQueueEmpty	8	static
queue.c:2126:19:prvCopyDataToQueue	24	static
queue.c:2209:13:prvCopyDataFromQueue	8	static
queue.c:2230:13:prvUnlockQueue	16	static
queue.c:264:12:xQueueGenericReset	16	static,ignoring_inline_asm
queue.c:382:19:xQueueGenericCreate	24	static,ignoring_inline_asm
queue.c:744:19:xQueueCreateCountingSemaphore	8	static,ignoring_inline_asm
queue.c:771:12:xQueueGenericSend	40	static,ignoring_inline_asm
queue.c:522:19:xQueueCreateMutex	16	static
queue.c:616:16:xQueueGiveMutexRecursive	16	static,ignoring_inline_asm
queue.c:983:12:xQueueGenericSendFromISR	40	static,ignoring_inline_asm
queue.c:1150:12:xQueueGiveFromISR	16	static,ignoring_inline_asm
queue.c:1318:12:xQueueReceive	40	static,ignoring_inline_asm
queue.c:1461:12:xQueueSemaphoreTake	40	static,ignoring_inline_asm
queue.c:671:16:xQueueTakeMutexRecursive	16	static,ignoring_inline_asm
queue.c:1680:12:xQueuePeek	40	static,ignoring_inline_asm
queue.c:1831:12:xQueueReceiveFromISR	40	static,ignoring_inline_asm
queue.c:1926:12:xQueuePeekFromISR	24	static,ignoring_inline_asm
queue.c:1981:13:uxQueueMessagesWaiting	8	static,ignoring_inline_asm
queue.c:1997:13:uxQueueSpacesAvailable	8	static,ignoring_inline_asm
queue.c:2014:13:uxQueueMessagesWaitingFromISR	0	static,ignoring_inline_asm
queue.c:2070:17:uxQueueGetQueueNumber	0	static
queue.c:2080:10:vQueueSetQueueNumber	0	static
queue.c:2091:13:ucQueueGetQueueType	0	static
queue.c:2371:12:xQueueIsQueueEmptyFromISR	0	static,ignoring_inline_asm
queue.c:2412:12:xQueueIsQueueFullFromISR	0	static,ignoring_inline_asm
queue.c:2721:10:vQueueAddToRegistry	16	static
queue.c:2751:18:pcQueueGetName	8	static
queue.c:2780:10:vQueueUnregisterQueue	8	static
queue.c:2026:6:vQueueDelete	8	static,ignoring_inline_asm
queue.c:2811:10:vQueueWaitForMessageRestricted	16	static
